Archive member included because of file (symbol)

d:/freescale/kds_3.0.0/toolchain/bin/../lib/gcc/arm-none-eabi/4.8.4/armv6-m\libgcc.a(_udivsi3.o)
                              ./SDK/platform/system/src/clock/MKL02Z4/fsl_clock_MKL02Z4.o (__aeabi_uidiv)
d:/freescale/kds_3.0.0/toolchain/bin/../lib/gcc/arm-none-eabi/4.8.4/armv6-m\libgcc.a(_dvmd_tls.o)
                              d:/freescale/kds_3.0.0/toolchain/bin/../lib/gcc/arm-none-eabi/4.8.4/armv6-m\libgcc.a(_udivsi3.o) (__aeabi_idiv0)
d:/freescale/kds_3.0.0/toolchain/bin/../lib/gcc/arm-none-eabi/4.8.4/armv6-m\libgcc.a(_aeabi_uldivmod.o)
                              ./Generated_Code/osa1.o (__aeabi_uldivmod)
d:/freescale/kds_3.0.0/toolchain/bin/../lib/gcc/arm-none-eabi/4.8.4/armv6-m\libgcc.a(_muldi3.o)
                              ./Generated_Code/osa1.o (__aeabi_lmul)
d:/freescale/kds_3.0.0/toolchain/bin/../lib/gcc/arm-none-eabi/4.8.4/armv6-m\libgcc.a(bpabi.o)
                              d:/freescale/kds_3.0.0/toolchain/bin/../lib/gcc/arm-none-eabi/4.8.4/armv6-m\libgcc.a(_aeabi_uldivmod.o) (__gnu_uldivmod_helper)
d:/freescale/kds_3.0.0/toolchain/bin/../lib/gcc/arm-none-eabi/4.8.4/armv6-m\libgcc.a(_divdi3.o)
                              d:/freescale/kds_3.0.0/toolchain/bin/../lib/gcc/arm-none-eabi/4.8.4/armv6-m\libgcc.a(bpabi.o) (__divdi3)
d:/freescale/kds_3.0.0/toolchain/bin/../lib/gcc/arm-none-eabi/4.8.4/armv6-m\libgcc.a(_udivdi3.o)
                              d:/freescale/kds_3.0.0/toolchain/bin/../lib/gcc/arm-none-eabi/4.8.4/armv6-m\libgcc.a(bpabi.o) (__udivdi3)
d:/freescale/kds_3.0.0/toolchain/bin/../lib/gcc/arm-none-eabi/4.8.4/armv6-m\libgcc.a(_clzsi2.o)
                              d:/freescale/kds_3.0.0/toolchain/bin/../lib/gcc/arm-none-eabi/4.8.4/armv6-m\libgcc.a(_divdi3.o) (__clzsi2)
d:/freescale/kds_3.0.0/toolchain/bin/../lib/gcc/arm-none-eabi/4.8.4/../../../../arm-none-eabi/lib/armv6-m\libg_s.a(lib_a-assert.o)
                              ./Sources/gpio.o (__assert_func)
d:/freescale/kds_3.0.0/toolchain/bin/../lib/gcc/arm-none-eabi/4.8.4/../../../../arm-none-eabi/lib/armv6-m\libg_s.a(lib_a-calloc.o)
                              ./SDK/platform/osa/src/fsl_os_abstraction_bm.o (calloc)
d:/freescale/kds_3.0.0/toolchain/bin/../lib/gcc/arm-none-eabi/4.8.4/../../../../arm-none-eabi/lib/armv6-m\libg_s.a(lib_a-exit.o)
                              d:/freescale/kds_3.0.0/toolchain/bin/../lib/gcc/arm-none-eabi/4.8.4/../../../../arm-none-eabi/lib/armv6-m/crt0.o (exit)
d:/freescale/kds_3.0.0/toolchain/bin/../lib/gcc/arm-none-eabi/4.8.4/../../../../arm-none-eabi/lib/armv6-m\libg_s.a(lib_a-fprintf.o)
                              d:/freescale/kds_3.0.0/toolchain/bin/../lib/gcc/arm-none-eabi/4.8.4/../../../../arm-none-eabi/lib/armv6-m\libg_s.a(lib_a-assert.o) (fiprintf)
d:/freescale/kds_3.0.0/toolchain/bin/../lib/gcc/arm-none-eabi/4.8.4/../../../../arm-none-eabi/lib/armv6-m\libg_s.a(lib_a-impure.o)
                              d:/freescale/kds_3.0.0/toolchain/bin/../lib/gcc/arm-none-eabi/4.8.4/../../../../arm-none-eabi/lib/armv6-m\libg_s.a(lib_a-exit.o) (_global_impure_ptr)
d:/freescale/kds_3.0.0/toolchain/bin/../lib/gcc/arm-none-eabi/4.8.4/../../../../arm-none-eabi/lib/armv6-m\libg_s.a(lib_a-init.o)
                              d:/freescale/kds_3.0.0/toolchain/bin/../lib/gcc/arm-none-eabi/4.8.4/../../../../arm-none-eabi/lib/armv6-m/crt0.o (__libc_init_array)
d:/freescale/kds_3.0.0/toolchain/bin/../lib/gcc/arm-none-eabi/4.8.4/../../../../arm-none-eabi/lib/armv6-m\libg_s.a(lib_a-malloc.o)
                              ./SDK/platform/osa/src/fsl_os_abstraction_bm.o (malloc)
d:/freescale/kds_3.0.0/toolchain/bin/../lib/gcc/arm-none-eabi/4.8.4/../../../../arm-none-eabi/lib/armv6-m\libg_s.a(lib_a-memcmp.o)
                              ./Sources/emulate_tag.o (memcmp)
d:/freescale/kds_3.0.0/toolchain/bin/../lib/gcc/arm-none-eabi/4.8.4/../../../../arm-none-eabi/lib/armv6-m\libg_s.a(lib_a-memcpy-stub.o)
                              ./Sources/emulate_tag.o (memcpy)
d:/freescale/kds_3.0.0/toolchain/bin/../lib/gcc/arm-none-eabi/4.8.4/../../../../arm-none-eabi/lib/armv6-m\libg_s.a(lib_a-memset.o)
                              d:/freescale/kds_3.0.0/toolchain/bin/../lib/gcc/arm-none-eabi/4.8.4/../../../../arm-none-eabi/lib/armv6-m/crt0.o (memset)
d:/freescale/kds_3.0.0/toolchain/bin/../lib/gcc/arm-none-eabi/4.8.4/../../../../arm-none-eabi/lib/armv6-m\libg_s.a(lib_a-nano-callocr.o)
                              d:/freescale/kds_3.0.0/toolchain/bin/../lib/gcc/arm-none-eabi/4.8.4/../../../../arm-none-eabi/lib/armv6-m\libg_s.a(lib_a-calloc.o) (_calloc_r)
d:/freescale/kds_3.0.0/toolchain/bin/../lib/gcc/arm-none-eabi/4.8.4/../../../../arm-none-eabi/lib/armv6-m\libg_s.a(lib_a-nano-freer.o)
                              d:/freescale/kds_3.0.0/toolchain/bin/../lib/gcc/arm-none-eabi/4.8.4/../../../../arm-none-eabi/lib/armv6-m\libg_s.a(lib_a-malloc.o) (_free_r)
[...]
Memory Configuration

Name             Origin             Length             Attributes
m_interrupts     0x00000000         0x00000200         xr
m_flash_config   0x00000400         0x00000010         xr
m_interrupts_ram 0x1ffffc00         0x00000200         rw
m_text           0x00000410         0x00007bf0         xr
m_data           0x1ffffe00         0x00000e00         rw
*default*        0x00000000         0xffffffff

Linker script and memory map

LOAD d:/freescale/kds_3.0.0/toolchain/bin/../lib/gcc/arm-none-eabi/4.8.4/armv6-m/crti.o
LOAD d:/freescale/kds_3.0.0/toolchain/bin/../lib/gcc/arm-none-eabi/4.8.4/armv6-m/crtbegin.o
LOAD d:/freescale/kds_3.0.0/toolchain/bin/../lib/gcc/arm-none-eabi/4.8.4/../../../../arm-none-eabi/lib/armv6-m/crt0.o
LOAD ./Static_Code/System/PE_low_level_init.o
LOAD ./Sources/Events.o
LOAD ./Sources/delay.o
LOAD ./Sources/emulate_tag.o
LOAD ./Sources/gpio.o
LOAD ./Sources/i2c.o
LOAD ./Sources/main.o
LOAD ./Sources/mifare_classic.o
LOAD ./Sources/mifare_ultralight.o
LOAD ./Sources/ndef_message.o
LOAD ./Sources/ndef_record.o
LOAD ./Sources/nfc_adapter.o
LOAD ./Sources/nfc_tag.o
LOAD ./Sources/pn532.o
LOAD ./Sources/pn532_i2c.o
LOAD ./SDK/platform/system/src/interrupt/fsl_interrupt_manager.o
LOAD ./SDK/platform/system/src/clock/MKL02Z4/fsl_clock_MKL02Z4.o
LOAD ./SDK/platform/system/src/clock/fsl_clock_manager.o
LOAD ./SDK/platform/system/src/clock/fsl_clock_manager_common.o
LOAD ./SDK/platform/osa/src/fsl_os_abstraction_bm.o
LOAD ./SDK/platform/hal/src/sim/MKL02Z4/fsl_sim_hal_MKL02Z4.o
LOAD ./SDK/platform/hal/src/port/fsl_port_hal.o
LOAD ./SDK/platform/hal/src/osc/fsl_osc_hal.o
LOAD ./SDK/platform/hal/src/mcg/fsl_mcg_hal.o
LOAD ./SDK/platform/hal/src/mcg/fsl_mcg_hal_modes.o
LOAD ./SDK/platform/hal/src/i2c/fsl_i2c_hal.o
LOAD ./SDK/platform/hal/src/gpio/fsl_gpio_hal.o
LOAD ./SDK/platform/hal/src/cop/fsl_cop_hal.o
LOAD ./SDK/platform/drivers/src/i2c/fsl_i2c_common.o
LOAD ./SDK/platform/drivers/src/i2c/fsl_i2c_master_driver.o
LOAD ./SDK/platform/drivers/src/i2c/fsl_i2c_shared_function.o
LOAD ./SDK/platform/drivers/src/i2c/fsl_i2c_slave_driver.o
LOAD ./SDK/platform/devices/MKL02Z4/startup/gcc/startup_MKL02Z4.o
LOAD ./SDK/platform/devices/MKL02Z4/startup/system_MKL02Z4.o
LOAD ./SDK/platform/devices/startup.o
LOAD ./Generated_Code/Cpu.o
LOAD ./Generated_Code/clockMan1.o
LOAD ./Generated_Code/hardware_init.o
LOAD ./Generated_Code/osa1.o
LOAD ./Generated_Code/pin_mux.o
LOAD d:/freescale/kds_3.0.0/toolchain/bin/../lib/gcc/arm-none-eabi/4.8.4/../../../../arm-none-eabi/lib/armv6-m\libstdc++_s.a
LOAD d:/freescale/kds_3.0.0/toolchain/bin/../lib/gcc/arm-none-eabi/4.8.4/../../../../arm-none-eabi/lib/armv6-m\libm.a
START GROUP
LOAD d:/freescale/kds_3.0.0/toolchain/bin/../lib/gcc/arm-none-eabi/4.8.4/armv6-m\libgcc.a
LOAD d:/freescale/kds_3.0.0/toolchain/bin/../lib/gcc/arm-none-eabi/4.8.4/../../../../arm-none-eabi/lib/armv6-m\libg_s.a
LOAD d:/freescale/kds_3.0.0/toolchain/bin/../lib/gcc/arm-none-eabi/4.8.4/../../../../arm-none-eabi/lib/armv6-m\libc_s.a
END GROUP
START GROUP
LOAD d:/freescale/kds_3.0.0/toolchain/bin/../lib/gcc/arm-none-eabi/4.8.4/armv6-m\libgcc.a
LOAD d:/freescale/kds_3.0.0/toolchain/bin/../lib/gcc/arm-none-eabi/4.8.4/../../../../arm-none-eabi/lib/armv6-m\libc_s.a
LOAD d:/freescale/kds_3.0.0/toolchain/bin/../lib/gcc/arm-none-eabi/4.8.4/../../../../arm-none-eabi/lib/armv6-m\libnosys.a
END GROUP
START GROUP
LOAD d:/freescale/kds_3.0.0/toolchain/bin/../lib/gcc/arm-none-eabi/4.8.4/armv6-m\libgcc.a
LOAD d:/freescale/kds_3.0.0/toolchain/bin/../lib/gcc/arm-none-eabi/4.8.4/../../../../arm-none-eabi/lib/armv6-m\libc_s.a
LOAD d:/freescale/kds_3.0.0/toolchain/bin/../lib/gcc/arm-none-eabi/4.8.4/../../../../arm-none-eabi/lib/armv6-m\libnosys.a
END GROUP
LOAD d:/freescale/kds_3.0.0/toolchain/bin/../lib/gcc/arm-none-eabi/4.8.4/armv6-m/crtend.o
LOAD d:/freescale/kds_3.0.0/toolchain/bin/../lib/gcc/arm-none-eabi/4.8.4/armv6-m/crtn.o
                0x00000000                HEAP_SIZE = DEFINED (__heap_size__)?__heap_size__:0x0
                0x00000100                STACK_SIZE = DEFINED (__stack_size__)?__stack_size__:0x100

.interrupts     0x00000000       0xc0
                0x00000000                __VECTOR_TABLE = .
                0x00000000                . = ALIGN (0x4)
 *(.isr_vector)
 .isr_vector    0x00000000       0xc0 ./SDK/platform/devices/MKL02Z4/startup/gcc/startup_MKL02Z4.o
                0x00000000                __isr_vector
                0x000000c0                . = ALIGN (0x4)
                0x1ffffc00                __VECTOR_RAM = ORIGIN (m_interrupts_ram)

.flash_config   0x00000400       0x10
                0x00000400                . = ALIGN (0x4)
 *(.FlashConfig)
 .FlashConfig   0x00000400       0x10 ./SDK/platform/devices/MKL02Z4/startup/gcc/startup_MKL02Z4.o
                0x00000410                . = ALIGN (0x4)

.text           0x00000410     0x7360
                0x00000410                . = ALIGN (0x4)
 *(.text)
 .text          0x00000410       0x60 d:/freescale/kds_3.0.0/toolchain/bin/../lib/gcc/arm-none-eabi/4.8.4/armv6-m/crtbegin.o
 .text          0x00000470       0x78 d:/freescale/kds_3.0.0/toolchain/bin/../lib/gcc/arm-none-eabi/4.8.4/../../../../arm-none-eabi/lib/armv6-m/crt0.o
                0x00000470                _start
                0x00000470                _mainCRTStartup
 .text          0x000004e8       0x18 ./SDK/platform/devices/MKL02Z4/startup/gcc/startup_MKL02Z4.o
                0x000004e8                Reset_Handler
                0x000004f8                Reserved16_IRQHandler
                0x000004f8                HardFault_Handler
                0x000004f8                PendSV_Handler
                0x000004f8                NMI_Handler
                0x000004f8                Reserved19_IRQHandler
                0x000004f8                Reserved29_IRQHandler
                0x000004f8                TPM0_IRQHandler
                0x000004f8                UART0_IRQHandler
                0x000004f8                Reserved42_IRQHandler
                0x000004f8                Reserved36_IRQHandler
                0x000004f8                ADC0_IRQHandler
                0x000004f8                Reserved39_IRQHandler
                0x000004f8                PORTB_IRQHandler
                0x000004f8                Reserved18_IRQHandler
                0x000004f8                Reserved27_IRQHandler
                0x000004f8                MCG_IRQHandler
                0x000004f8                Reserved35_IRQHandler
                0x000004f8                Reserved20_IRQHandler
                0x000004f8                Reserved37_IRQHandler
                0x000004f8                Reserved17_IRQHandler
                0x000004f8                Reserved41_IRQHandler
                0x000004f8                SVC_Handler
                0x000004f8                Reserved23_IRQHandler
                0x000004f8                Reserved45_IRQHandler
                0x000004f8                Reserved30_IRQHandler
                0x000004f8                TPM1_IRQHandler
                0x000004f8                LVD_LVW_IRQHandler
                0x000004f8                SPI0_IRQHandler
                0x000004f8                PORTA_IRQHandler
                0x000004f8                FTFA_IRQHandler
                0x000004f8                Reserved40_IRQHandler
                0x000004f8                Reserved38_IRQHandler
                0x000004f8                LPTMR0_IRQHandler
                0x000004f8                CMP0_IRQHandler
 .text          0x00000500       0x9c d:/freescale/kds_3.0.0/toolchain/bin/../lib/gcc/arm-none-eabi/4.8.4/armv6-m\libgcc.a(_udivsi3.o)
                0x00000500                __aeabi_uidiv
                0x00000500                __udivsi3
                0x00000588                __aeabi_uidivmod
 .text          0x0000059c        0x4 d:/freescale/kds_3.0.0/toolchain/bin/../lib/gcc/arm-none-eabi/4.8.4/armv6-m\libgcc.a(_dvmd_tls.o)
                0x0000059c                __aeabi_idiv0
                0x0000059c                __aeabi_ldiv0
 .text          0x000005a0       0x40 d:/freescale/kds_3.0.0/toolchain/bin/../lib/gcc/arm-none-eabi/4.8.4/armv6-m\libgcc.a(_aeabi_uldivmod.o)
                0x000005a0                __aeabi_uldivmod
 .text          0x000005e0       0x44 d:/freescale/kds_3.0.0/toolchain/bin/../lib/gcc/arm-none-eabi/4.8.4/armv6-m\libgcc.a(_muldi3.o)
                0x000005e0                __muldi3
                0x000005e0                __aeabi_lmul
 .text          0x00000624       0x6c d:/freescale/kds_3.0.0/toolchain/bin/../lib/gcc/arm-none-eabi/4.8.4/armv6-m\libgcc.a(bpabi.o)
                0x00000624                __gnu_ldivmod_helper
                0x0000065c                __gnu_uldivmod_helper
 .text          0x00000690      0x3b8 d:/freescale/kds_3.0.0/toolchain/bin/../lib/gcc/arm-none-eabi/4.8.4/armv6-m\libgcc.a(_divdi3.o)
                0x00000690                __divdi3
 .text          0x00000a48      0x384 d:/freescale/kds_3.0.0/toolchain/bin/../lib/gcc/arm-none-eabi/4.8.4/armv6-m\libgcc.a(_udivdi3.o)
                0x00000a48                __udivdi3
 .text          0x00000dcc       0x3c d:/freescale/kds_3.0.0/toolchain/bin/../lib/gcc/arm-none-eabi/4.8.4/armv6-m\libgcc.a(_clzsi2.o)
                0x00000dcc                __clzsi2
 *(.text*)
 .text.PEX_components_init
                0x00000e08        0xc ./Static_Code/System/PE_low_level_init.o
                0x00000e08                PEX_components_init
 .text.PE_low_level_init
                0x00000e14       0x14 ./Static_Code/System/PE_low_level_init.o
                0x00000e14                PE_low_level_init
 .text.I2C1_IRQHandler
                0x00000e28       0x10 ./Sources/Events.o
                0x00000e28                I2C1_IRQHandler
 .text.I2C0_IRQHandler
                0x00000e38       0x10 ./Sources/Events.o
                0x00000e38                I2C0_IRQHandler
 .text.DefaultISR
                0x00000e48        0x8 ./Sources/Events.o
                0x00000e48                DefaultISR
 .text.delay_init
                0x00000e50        0xc ./Sources/delay.o
                0x00000e50                delay_init
 .text.delay_ms
                0x00000e5c       0x18 ./Sources/delay.o
                0x00000e5c                delay_ms
 .text.emulate_tag_init
                0x00000e74       0x2c ./Sources/emulate_tag.o
                0x00000e74                emulate_tag_init
 .text.set_uid  0x00000ea0       0x1c ./Sources/emulate_tag.o
                0x00000ea0                set_uid
 .text.GPIO_HAL_SetPinOutput
                0x00000ebc       0x3c ./Sources/gpio.o
 .text.gpio_init
                0x00000ef8       0x60 ./Sources/gpio.o
                0x00000ef8                gpio_init
 .text.PORT_HAL_SetMuxMode
                0x00000f58       0x4c ./Sources/i2c.o
 .text.i2c_data_copy
                0x00000fa4       0x54 ./Sources/i2c.o
 .text.i2c_slave_callback
                0x00000ff8      0x31c ./Sources/i2c.o
                0x00000ff8                i2c_slave_callback
 .text.i2c_init
                0x00001314       0x80 ./Sources/i2c.o
                0x00001314                i2c_init
 .text.PORT_HAL_SetMuxMode
                0x00001394       0x4c ./Sources/main.o
 .text.GPIO_HAL_SetPinOutput
                0x000013e0       0x3c ./Sources/main.o
 .text.GPIO_HAL_ClearPinOutput
                0x0000141c       0x3c ./Sources/main.o
 .text.GPIO_HAL_ReadPinInput
                0x00001458       0x40 ./Sources/main.o
 .text.main     0x00001498      0x234 ./Sources/main.o
                0x00001498                main
 .text.GPIO_Test_for_TE
                0x000016cc       0xc0 ./Sources/main.o
                0x000016cc                GPIO_Test_for_TE
 .text.read_mifare_classic
                0x0000178c      0x1fc ./Sources/mifare_classic.o
                0x0000178c                read_mifare_classic
 .text.write_mifare_classic
                0x00001988      0x1f4 ./Sources/mifare_classic.o
                0x00001988                write_mifare_classic
 .text.get_mifare_classic_buffer_size
                0x00001b7c       0x44 ./Sources/mifare_classic.o
                0x00001b7c                get_mifare_classic_buffer_size
 .text.get_mifare_classic_ndef_start_index
                0x00001bc0       0x48 ./Sources/mifare_classic.o
                0x00001bc0                get_mifare_classic_ndef_start_index
 .text.decode_mifare_classic_tlv
                0x00001c08       0x84 ./Sources/mifare_classic.o
                0x00001c08                decode_mifare_classic_tlv
 .text.read_mifare_ultralight
                0x00001c8c      0x168 ./Sources/mifare_ultralight.o
                0x00001c8c                read_mifare_ultralight
 .text.write_mifare_ultralight
                0x00001df4      0x184 ./Sources/mifare_ultralight.o
                0x00001df4                write_mifare_ultralight
 .text.is_unformatted
                0x00001f78       0x68 ./Sources/mifare_ultralight.o
                0x00001f78                is_unformatted
 .text.read_capability_container
                0x00001fe0       0x30 ./Sources/mifare_ultralight.o
                0x00001fe0                read_capability_container
 .text.find_ndef_message
                0x00002010       0xa4 ./Sources/mifare_ultralight.o
                0x00002010                find_ndef_message
 .text.calculate_buffer_size
                0x000020b4       0x34 ./Sources/mifare_ultralight.o
                0x000020b4                calculate_buffer_size
 .text.create_message
                0x000020e8       0x20 ./Sources/ndef_message.o
                0x000020e8                create_message
 .text.create_message_b
                0x00002108      0x1d8 ./Sources/ndef_message.o
                0x00002108                create_message_b
 .text.free_message
                0x000022e0       0x24 ./Sources/ndef_message.o
                0x000022e0                free_message
 .text.get_encoded_message_size
                0x00002304       0x44 ./Sources/ndef_message.o
                0x00002304                get_encoded_message_size
 .text.encode_message
                0x00002348       0x68 ./Sources/ndef_message.o
                0x00002348                encode_message
 .text.add_record
                0x000023b0       0x38 ./Sources/ndef_message.o
                0x000023b0                add_record
 .text.add_text_record
                0x000023e8       0xfc ./Sources/ndef_message.o
                0x000023e8                add_text_record
 .text.add_empty_record
                0x000024e4       0x2c ./Sources/ndef_message.o
                0x000024e4                add_empty_record
 .text.create_record
                0x00002510       0x44 ./Sources/ndef_record.o
                0x00002510                create_record
 .text.get_encoded_record_size
                0x00002554       0x50 ./Sources/ndef_record.o
                0x00002554                get_encoded_record_size
 .text.encode_record
                0x000025a4      0x114 ./Sources/ndef_record.o
                0x000025a4                encode_record
 .text.get_tnf_byte
                0x000026b8       0x64 ./Sources/ndef_record.o
                0x000026b8                get_tnf_byte
 .text.set_tnf  0x0000271c       0x1c ./Sources/ndef_record.o
                0x0000271c                set_tnf
 .text.set_type
                0x00002738       0x40 ./Sources/ndef_record.o
                0x00002738                set_type
 .text.set_payload
                0x00002778       0x40 ./Sources/ndef_record.o
                0x00002778                set_payload
 .text.set_id   0x000027b8       0x40 ./Sources/ndef_record.o
                0x000027b8                set_id
 .text.adapter_init
                0x000027f8       0x2c ./Sources/nfc_adapter.o
                0x000027f8                adapter_init
 .text.tag_present
                0x00002824       0x6c ./Sources/nfc_adapter.o
                0x00002824                tag_present
 .text.adapter_read
                0x00002890       0x84 ./Sources/nfc_adapter.o
                0x00002890                adapter_read
 .text.adapter_write
                0x00002914       0x90 ./Sources/nfc_adapter.o
                0x00002914                adapter_write
 .text.adapter_erase
                0x000029a4       0x44 ./Sources/nfc_adapter.o
                0x000029a4                adapter_erase
 .text.guess_tag_type
                0x000029e8       0x20 ./Sources/nfc_adapter.o
                0x000029e8                guess_tag_type
 .text.create_nfc_tag_b
                0x00002a08       0x74 ./Sources/nfc_tag.o
                0x00002a08                create_nfc_tag_b
 .text.create_nfc_tag_c
                0x00002a7c       0x68 ./Sources/nfc_tag.o
                0x00002a7c                create_nfc_tag_c
 .text.create_nfc_tag_d
                0x00002ae4       0x6c ./Sources/nfc_tag.o
                0x00002ae4                create_nfc_tag_d
 .text.create_nfc_tag_e
                0x00002b50       0x78 ./Sources/nfc_tag.o
                0x00002b50                create_nfc_tag_e
 .text.free_nfc_tag
                0x00002bc8       0x28 ./Sources/nfc_tag.o
                0x00002bc8                free_nfc_tag
 .text.pn532_init
                0x00002bf0        0xc ./Sources/pn532.o
                0x00002bf0                pn532_init
 .text.SAMConfig
                0x00002bfc       0x5c ./Sources/pn532.o
                0x00002bfc                SAMConfig
 .text.getFirmwareVersion
                0x00002c58       0x84 ./Sources/pn532.o
                0x00002c58                getFirmwareVersion
 .text.readPassiveTargetID
                0x00002cdc      0x134 ./Sources/pn532.o
                0x00002cdc                readPassiveTargetID
 .text.mifareclassic_IsFirstBlock
                0x00002e10       0x30 ./Sources/pn532.o
                0x00002e10                mifareclassic_IsFirstBlock
 .text.mifareclassic_IsTrailerBlock
                0x00002e40       0x34 ./Sources/pn532.o
                0x00002e40                mifareclassic_IsTrailerBlock
 .text.mifareclassic_AuthenticateBlock
                0x00002e74      0x114 ./Sources/pn532.o
                0x00002e74                mifareclassic_AuthenticateBlock
 .text.mifareclassic_ReadDataBlock
                0x00002f88       0x7c ./Sources/pn532.o
                0x00002f88                mifareclassic_ReadDataBlock
 .text.mifareclassic_WriteDataBlock
                0x00003004       0x88 ./Sources/pn532.o
                0x00003004                mifareclassic_WriteDataBlock
 .text.mifareultralight_ReadPage
                0x0000308c       0x88 ./Sources/pn532.o
                0x0000308c                mifareultralight_ReadPage
 .text.mifareultralight_WritePage
                0x00003114       0x78 ./Sources/pn532.o
                0x00003114                mifareultralight_WritePage
 .text.PORT_HAL_SetMuxMode
                0x0000318c       0x4c ./Sources/pn532_i2c.o
 .text.pn532_i2c_init
                0x000031d8       0x34 ./Sources/pn532_i2c.o
                0x000031d8                pn532_i2c_init
 .text.wake_up  0x0000320c       0x38 ./Sources/pn532_i2c.o
                0x0000320c                wake_up
 .text.readAckFrame
                0x00003244       0xa8 ./Sources/pn532_i2c.o
                0x00003244                readAckFrame
 .text.writeCommand
                0x000032ec      0x214 ./Sources/pn532_i2c.o
                0x000032ec                writeCommand
 .text.readResponse
                0x00003500      0x244 ./Sources/pn532_i2c.o
                0x00003500                readResponse
 .text.INT_SYS_EnableIRQGlobal
                0x00003744       0x2c ./SDK/platform/system/src/interrupt/fsl_interrupt_manager.o
                0x00003744                INT_SYS_EnableIRQGlobal
 .text.INT_SYS_DisableIRQGlobal
                0x00003770       0x18 ./SDK/platform/system/src/interrupt/fsl_interrupt_manager.o
                0x00003770                INT_SYS_DisableIRQGlobal
 .text.SIM_HAL_EnableClock
                0x00003788       0x58 ./SDK/platform/system/src/clock/MKL02Z4/fsl_clock_MKL02Z4.o
 .text.CLOCK_HAL_GetOutDiv1
                0x000037e0       0x28 ./SDK/platform/system/src/clock/MKL02Z4/fsl_clock_MKL02Z4.o
 .text.CLOCK_HAL_GetOutDiv4
                0x00003808       0x28 ./SDK/platform/system/src/clock/MKL02Z4/fsl_clock_MKL02Z4.o
 .text.CLOCK_SYS_GetCoreClockFreq
                0x00003830       0x34 ./SDK/platform/system/src/clock/MKL02Z4/fsl_clock_MKL02Z4.o
                0x00003830                CLOCK_SYS_GetCoreClockFreq
 .text.CLOCK_SYS_GetSystemClockFreq
                0x00003864       0x34 ./SDK/platform/system/src/clock/MKL02Z4/fsl_clock_MKL02Z4.o
                0x00003864                CLOCK_SYS_GetSystemClockFreq
 .text.CLOCK_SYS_GetBusClockFreq
                0x00003898       0x2c ./SDK/platform/system/src/clock/MKL02Z4/fsl_clock_MKL02Z4.o
                0x00003898                CLOCK_SYS_GetBusClockFreq
 .text.CLOCK_SYS_GetI2cFreq
                0x000038c4       0x38 ./SDK/platform/system/src/clock/MKL02Z4/fsl_clock_MKL02Z4.o
                0x000038c4                CLOCK_SYS_GetI2cFreq
 .text.CLOCK_SYS_EnableI2cClock
                0x000038fc       0x4c ./SDK/platform/system/src/clock/MKL02Z4/fsl_clock_MKL02Z4.o
                0x000038fc                CLOCK_SYS_EnableI2cClock
 .text.CLOCK_SYS_GetSystickFreq
                0x00003948       0x28 ./SDK/platform/system/src/clock/fsl_clock_manager.o
                0x00003948                CLOCK_SYS_GetSystickFreq
 .text.OSA_SemaCreate
                0x00003970       0x54 ./SDK/platform/osa/src/fsl_os_abstraction_bm.o
                0x00003970                OSA_SemaCreate
 .text.OSA_SemaWait
                0x000039c4       0xc8 ./SDK/platform/osa/src/fsl_os_abstraction_bm.o
                0x000039c4                OSA_SemaWait
 .text.OSA_SemaPost
                0x00003a8c       0x58 ./SDK/platform/osa/src/fsl_os_abstraction_bm.o
                0x00003a8c                OSA_SemaPost
 .text.OSA_EventCreate
                0x00003ae4       0x58 ./SDK/platform/osa/src/fsl_os_abstraction_bm.o
                0x00003ae4                OSA_EventCreate
 .text.OSA_EventSet
                0x00003b3c       0x4c ./SDK/platform/osa/src/fsl_os_abstraction_bm.o
                0x00003b3c                OSA_EventSet
 .text.task_init
                0x00003b88       0x60 ./SDK/platform/osa/src/fsl_os_abstraction_bm.o
                0x00003b88                task_init
 .text.OSA_TimeDelay
                0x00003be8       0x34 ./SDK/platform/osa/src/fsl_os_abstraction_bm.o
                0x00003be8                OSA_TimeDelay
 .text.OSA_Init
                0x00003c1c       0x14 ./SDK/platform/osa/src/fsl_os_abstraction_bm.o
                0x00003c1c                OSA_Init
 .text.CLOCK_HAL_GetClkOutStat
                0x00003c30       0x20 ./SDK/platform/hal/src/mcg/fsl_mcg_hal.o
 .text.CLOCK_HAL_GetMcgExternalClkFreq
                0x00003c50       0x18 ./SDK/platform/hal/src/mcg/fsl_mcg_hal.o
 .text.CLOCK_HAL_TestFllExternalRefFreq
                0x00003c68       0x7c ./SDK/platform/hal/src/mcg/fsl_mcg_hal.o
                0x00003c68                CLOCK_HAL_TestFllExternalRefFreq
 .text.CLOCK_HAL_GetFllRefClk
                0x00003ce4       0x8c ./SDK/platform/hal/src/mcg/fsl_mcg_hal.o
                0x00003ce4                CLOCK_HAL_GetFllRefClk
 .text.CLOCK_HAL_TestFllFreq
                0x00003d70       0x6c ./SDK/platform/hal/src/mcg/fsl_mcg_hal.o
                0x00003d70                CLOCK_HAL_TestFllFreq
 .text.CLOCK_HAL_GetFllClk
                0x00003ddc       0x6c ./SDK/platform/hal/src/mcg/fsl_mcg_hal.o
                0x00003ddc                CLOCK_HAL_GetFllClk
 .text.CLOCK_HAL_GetInternalRefClk
                0x00003e48       0x64 ./SDK/platform/hal/src/mcg/fsl_mcg_hal.o
                0x00003e48                CLOCK_HAL_GetInternalRefClk
 .text.CLOCK_HAL_GetOutClk
                0x00003eac       0x64 ./SDK/platform/hal/src/mcg/fsl_mcg_hal.o
                0x00003eac                CLOCK_HAL_GetOutClk
 .text.I2C_HAL_GetStatusFlag
                0x00003f10       0x34 ./SDK/platform/hal/src/i2c/fsl_i2c_hal.o
 .text.I2C_HAL_Init
                0x00003f44       0x38 ./SDK/platform/hal/src/i2c/fsl_i2c_hal.o
                0x00003f44                I2C_HAL_Init
 .text.I2C_HAL_SetBaudRate
                0x00003f7c       0xe0 ./SDK/platform/hal/src/i2c/fsl_i2c_hal.o
                0x00003f7c                I2C_HAL_SetBaudRate
 .text.I2C_HAL_SendStart
                0x0000405c       0x8c ./SDK/platform/hal/src/i2c/fsl_i2c_hal.o
                0x0000405c                I2C_HAL_SendStart
 .text.I2C_HAL_SendStop
                0x000040e8       0x78 ./SDK/platform/hal/src/i2c/fsl_i2c_hal.o
                0x000040e8                I2C_HAL_SendStop
 .text.I2C_HAL_SetAddress7bit
                0x00004160       0x30 ./SDK/platform/hal/src/i2c/fsl_i2c_hal.o
                0x00004160                I2C_HAL_SetAddress7bit
 .text.GPIO_HAL_SetPinDir
                0x00004190       0x6c ./SDK/platform/hal/src/gpio/fsl_gpio_hal.o
                0x00004190                GPIO_HAL_SetPinDir
 .text.NVIC_EnableIRQ
                0x000041fc       0x2c ./SDK/platform/drivers/src/i2c/fsl_i2c_master_driver.o
 .text.I2C_HAL_Enable
                0x00004228       0x1c ./SDK/platform/drivers/src/i2c/fsl_i2c_master_driver.o
 .text.I2C_HAL_SendAck
                0x00004244       0x1c ./SDK/platform/drivers/src/i2c/fsl_i2c_master_driver.o
 .text.I2C_HAL_SendNak
                0x00004260       0x1c ./SDK/platform/drivers/src/i2c/fsl_i2c_master_driver.o
 .text.I2C_HAL_SetDirMode
                0x0000427c       0x28 ./SDK/platform/drivers/src/i2c/fsl_i2c_master_driver.o
 .text.I2C_HAL_GetDirMode
                0x000042a4       0x20 ./SDK/platform/drivers/src/i2c/fsl_i2c_master_driver.o
 .text.I2C_HAL_ReadByte
                0x000042c4       0x18 ./SDK/platform/drivers/src/i2c/fsl_i2c_master_driver.o
 .text.I2C_HAL_WriteByte
                0x000042dc       0x1c ./SDK/platform/drivers/src/i2c/fsl_i2c_master_driver.o
 .text.I2C_HAL_GetStatusFlag
                0x000042f8       0x34 ./SDK/platform/drivers/src/i2c/fsl_i2c_master_driver.o
 .text.I2C_HAL_IsMaster
                0x0000432c       0x24 ./SDK/platform/drivers/src/i2c/fsl_i2c_master_driver.o
 .text.I2C_HAL_SetIntCmd
                0x00004350       0x28 ./SDK/platform/drivers/src/i2c/fsl_i2c_master_driver.o
 .text.I2C_HAL_ClearInt
                0x00004378       0x14 ./SDK/platform/drivers/src/i2c/fsl_i2c_master_driver.o
 .text.INT_SYS_EnableIRQ
                0x0000438c       0x5c ./SDK/platform/drivers/src/i2c/fsl_i2c_master_driver.o
 .text.I2C_DRV_MasterInit
                0x000043e8       0xc4 ./SDK/platform/drivers/src/i2c/fsl_i2c_master_driver.o
                0x000043e8                I2C_DRV_MasterInit
 .text.I2C_DRV_MasterSetBaudRate
                0x000044ac       0x98 ./SDK/platform/drivers/src/i2c/fsl_i2c_master_driver.o
                0x000044ac                I2C_DRV_MasterSetBaudRate
 .text.I2C_DRV_MasterSendData
                0x00004544       0x34 ./SDK/platform/drivers/src/i2c/fsl_i2c_master_driver.o
                0x00004544                I2C_DRV_MasterSendData
 .text.I2C_DRV_MasterReceiveData
                0x00004578       0x34 ./SDK/platform/drivers/src/i2c/fsl_i2c_master_driver.o
                0x00004578                I2C_DRV_MasterReceiveData
 .text.I2C_DRV_MasterIRQHandler
                0x000045ac      0x134 ./SDK/platform/drivers/src/i2c/fsl_i2c_master_driver.o
                0x000045ac                I2C_DRV_MasterIRQHandler
 .text.I2C_DRV_MasterWait
                0x000046e0       0x7c ./SDK/platform/drivers/src/i2c/fsl_i2c_master_driver.o
 .text.I2C_DRV_CompleteTransfer
                0x0000475c       0x98 ./SDK/platform/drivers/src/i2c/fsl_i2c_master_driver.o
 .text.I2C_DRV_SendAddress
                0x000047f4      0x224 ./SDK/platform/drivers/src/i2c/fsl_i2c_master_driver.o
 .text.I2C_DRV_MasterSend
                0x00004a18      0x184 ./SDK/platform/drivers/src/i2c/fsl_i2c_master_driver.o
 .text.I2C_DRV_MasterReceive
                0x00004b9c      0x194 ./SDK/platform/drivers/src/i2c/fsl_i2c_master_driver.o
 .text.I2C_HAL_IsMaster
                0x00004d30       0x24 ./SDK/platform/drivers/src/i2c/fsl_i2c_shared_function.o
 .text.I2C_DRV_IRQHandler
                0x00004d54       0x5c ./SDK/platform/drivers/src/i2c/fsl_i2c_shared_function.o
                0x00004d54                I2C_DRV_IRQHandler
 .text.NVIC_EnableIRQ
                0x00004db0       0x2c ./SDK/platform/drivers/src/i2c/fsl_i2c_slave_driver.o
 .text.I2C_HAL_Enable
                0x00004ddc       0x1c ./SDK/platform/drivers/src/i2c/fsl_i2c_slave_driver.o
 .text.I2C_HAL_SetDirMode
                0x00004df8       0x28 ./SDK/platform/drivers/src/i2c/fsl_i2c_slave_driver.o
 .text.I2C_HAL_GetDirMode
                0x00004e20       0x20 ./SDK/platform/drivers/src/i2c/fsl_i2c_slave_driver.o
 .text.I2C_HAL_ReadByte
                0x00004e40       0x18 ./SDK/platform/drivers/src/i2c/fsl_i2c_slave_driver.o
 .text.I2C_HAL_WriteByte
                0x00004e58       0x1c ./SDK/platform/drivers/src/i2c/fsl_i2c_slave_driver.o
 .text.I2C_HAL_GetStatusFlag
                0x00004e74       0x34 ./SDK/platform/drivers/src/i2c/fsl_i2c_slave_driver.o
 .text.I2C_HAL_ClearArbitrationLost
                0x00004ea8       0x14 ./SDK/platform/drivers/src/i2c/fsl_i2c_slave_driver.o
 .text.I2C_HAL_SetIntCmd
                0x00004ebc       0x28 ./SDK/platform/drivers/src/i2c/fsl_i2c_slave_driver.o
 .text.I2C_HAL_ClearInt
                0x00004ee4       0x14 ./SDK/platform/drivers/src/i2c/fsl_i2c_slave_driver.o
 .text.I2C_HAL_GetStopFlag
                0x00004ef8       0x24 ./SDK/platform/drivers/src/i2c/fsl_i2c_slave_driver.o
 .text.I2C_HAL_ClearStopFlag
                0x00004f1c       0x1c ./SDK/platform/drivers/src/i2c/fsl_i2c_slave_driver.o
 .text.I2C_HAL_SetStartStopIntCmd
                0x00004f38       0x28 ./SDK/platform/drivers/src/i2c/fsl_i2c_slave_driver.o
 .text.I2C_HAL_GetStartStopIntCmd
                0x00004f60       0x24 ./SDK/platform/drivers/src/i2c/fsl_i2c_slave_driver.o
 .text.I2C_HAL_GetStartFlag
                0x00004f84       0x24 ./SDK/platform/drivers/src/i2c/fsl_i2c_slave_driver.o
 .text.I2C_HAL_ClearStartFlag
                0x00004fa8       0x1c ./SDK/platform/drivers/src/i2c/fsl_i2c_slave_driver.o
 .text.INT_SYS_EnableIRQ
                0x00004fc4       0x5c ./SDK/platform/drivers/src/i2c/fsl_i2c_slave_driver.o
 .text.I2C_DRV_SlaveInit
                0x00005020      0x10c ./SDK/platform/drivers/src/i2c/fsl_i2c_slave_driver.o
                0x00005020                I2C_DRV_SlaveInit
 .text.I2C_DRV_SlaveGetHandler
                0x0000512c       0x1c ./SDK/platform/drivers/src/i2c/fsl_i2c_slave_driver.o
                0x0000512c                I2C_DRV_SlaveGetHandler
 .text.I2C_DRV_SlaveIRQHandler
                0x00005148      0x424 ./SDK/platform/drivers/src/i2c/fsl_i2c_slave_driver.o
                0x00005148                I2C_DRV_SlaveIRQHandler
 .text.SystemInit
                0x0000556c       0xec ./SDK/platform/devices/MKL02Z4/startup/system_MKL02Z4.o
                0x0000556c                SystemInit
 .text.init_data_bss
                0x00005658       0xc8 ./SDK/platform/devices/startup.o
                0x00005658                init_data_bss
 .text.Components_Init
                0x00005720        0x8 ./Generated_Code/Cpu.o
                0x00005720                Components_Init
 .text.SIM_HAL_EnableClock
                0x00005728       0x58 ./Generated_Code/hardware_init.o
 .text.hardware_init
                0x00005780       0x50 ./Generated_Code/hardware_init.o
                0x00005780                hardware_init
 .text.NVIC_SetPriority
                0x000057d0       0xe0 ./Generated_Code/osa1.o
 .text.CLOCK_SYS_SetSystickSrc
                0x000058b0       0x30 ./Generated_Code/osa1.o
 .text.SysTick_Handler
                0x000058e0       0x1c ./Generated_Code/osa1.o
                0x000058e0                SysTick_Handler
 *fill*         0x000058fc        0x4 
 .text.OSA_TimeInit
                0x00005900       0xa0 ./Generated_Code/osa1.o
                0x00005900                OSA_TimeInit
 .text.OSA_TimeDiff
                0x000059a0       0x30 ./Generated_Code/osa1.o
                0x000059a0                OSA_TimeDiff
 .text.OSA_TimeGetMsec
                0x000059d0       0x14 ./Generated_Code/osa1.o
                0x000059d0                OSA_TimeGetMsec
 .text.PORT_HAL_SetMuxMode
                0x000059e4       0x4c ./Generated_Code/pin_mux.o
 .text.init_coredebug_pins
                0x00005a30       0x2c ./Generated_Code/pin_mux.o
                0x00005a30                init_coredebug_pins
 .text.init_gpio_pins
                0x00005a5c       0x64 ./Generated_Code/pin_mux.o
                0x00005a5c                init_gpio_pins
 .text.init_i2c_pins
                0x00005ac0       0x58 ./Generated_Code/pin_mux.o
                0x00005ac0                init_i2c_pins
 .text.init_rcm_pins
                0x00005b18       0x20 ./Generated_Code/pin_mux.o
                0x00005b18                init_rcm_pins
 .text.__assert_func
                0x00005b38       0x3c d:/freescale/kds_3.0.0/toolchain/bin/../lib/gcc/arm-none-eabi/4.8.4/../../../../arm-none-eabi/lib/armv6-m\libg_s.a(lib_a-assert.o)
                0x00005b38                __assert_func
 .text.exit     0x00005b74       0x2c d:/freescale/kds_3.0.0/toolchain/bin/../lib/gcc/arm-none-eabi/4.8.4/../../../../arm-none-eabi/lib/armv6-m\libg_s.a(lib_a-exit.o)
                0x00005b74                exit
 .text.fprintf  0x00005ba0       0x24 d:/freescale/kds_3.0.0/toolchain/bin/../lib/gcc/arm-none-eabi/4.8.4/../../../../arm-none-eabi/lib/armv6-m\libg_s.a(lib_a-fprintf.o)
                0x00005ba0                fiprintf
                0x00005ba0                fprintf
 .text.__libc_init_array
                0x00005bc4       0x4c d:/freescale/kds_3.0.0/toolchain/bin/../lib/gcc/arm-none-eabi/4.8.4/../../../../arm-none-eabi/lib/armv6-m\libg_s.a(lib_a-init.o)
                0x00005bc4                __libc_init_array
 .text.memcmp   0x00005c10       0x1e d:/freescale/kds_3.0.0/toolchain/bin/../lib/gcc/arm-none-eabi/4.8.4/../../../../arm-none-eabi/lib/armv6-m\libg_s.a(lib_a-memcmp.o)
                0x00005c10                memcmp
 .text.memcpy   0x00005c2e       0x12 d:/freescale/kds_3.0.0/toolchain/bin/../lib/gcc/arm-none-eabi/4.8.4/../../../../arm-none-eabi/lib/armv6-m\libg_s.a(lib_a-memcpy-stub.o)
                0x00005c2e                memcpy
 .text.memset   0x00005c40       0x10 d:/freescale/kds_3.0.0/toolchain/bin/../lib/gcc/arm-none-eabi/4.8.4/../../../../arm-none-eabi/lib/armv6-m\libg_s.a(lib_a-memset.o)
                0x00005c40                memset
 .text._free_r  0x00005c50       0x90 d:/freescale/kds_3.0.0/toolchain/bin/../lib/gcc/arm-none-eabi/4.8.4/../../../../arm-none-eabi/lib/armv6-m\libg_s.a(lib_a-nano-freer.o)
                0x00005c50                _free_r
 .text._malloc_r
                0x00005ce0       0xa8 d:/freescale/kds_3.0.0/toolchain/bin/../lib/gcc/arm-none-eabi/4.8.4/../../../../arm-none-eabi/lib/armv6-m\libg_s.a(lib_a-nano-mallocr.o)
                0x00005ce0                _malloc_r
 .text._sbrk_r  0x00005d88       0x24 d:/freescale/kds_3.0.0/toolchain/bin/../lib/gcc/arm-none-eabi/4.8.4/../../../../arm-none-eabi/lib/armv6-m\libg_s.a(lib_a-sbrkr.o)
                0x00005d88                _sbrk_r
 .text.strlen   0x00005dac        0xe d:/freescale/kds_3.0.0/toolchain/bin/../lib/gcc/arm-none-eabi/4.8.4/../../../../arm-none-eabi/lib/armv6-m\libg_s.a(lib_a-strlen.o)
                0x00005dac                strlen
 .text.__sfputc_r
                0x00005dba       0x2a d:/freescale/kds_3.0.0/toolchain/bin/../lib/gcc/arm-none-eabi/4.8.4/../../../../arm-none-eabi/lib/armv6-m\libg_s.a(lib_a-vfprintf.o)
 .text.__sfputs_r
                0x00005de4       0x24 d:/freescale/kds_3.0.0/toolchain/bin/../lib/gcc/arm-none-eabi/4.8.4/../../../../arm-none-eabi/lib/armv6-m\libg_s.a(lib_a-vfprintf.o)
                0x00005de4                __sfputs_r
 .text._vfprintf_r
                0x00005e08      0x210 d:/freescale/kds_3.0.0/toolchain/bin/../lib/gcc/arm-none-eabi/4.8.4/../../../../arm-none-eabi/lib/armv6-m\libg_s.a(lib_a-vfprintf.o)
                0x00005e08                _vfprintf_r
                0x00005e08                _vfiprintf_r
 .text._printf_common
                0x00006018       0xe8 d:/freescale/kds_3.0.0/toolchain/bin/../lib/gcc/arm-none-eabi/4.8.4/../../../../arm-none-eabi/lib/armv6-m\libg_s.a(lib_a-vfprintf_i.o)
                0x00006018                _printf_common
 .text._printf_i
                0x00006100      0x22c d:/freescale/kds_3.0.0/toolchain/bin/../lib/gcc/arm-none-eabi/4.8.4/../../../../arm-none-eabi/lib/armv6-m\libg_s.a(lib_a-vfprintf_i.o)
                0x00006100                _printf_i
 .text.__swbuf_r
                0x0000632c       0xb0 d:/freescale/kds_3.0.0/toolchain/bin/../lib/gcc/arm-none-eabi/4.8.4/../../../../arm-none-eabi/lib/armv6-m\libg_s.a(lib_a-wbuf.o)
                0x0000632c                __swbuf_r
 .text.__swsetup_r
                0x000063dc       0xe4 d:/freescale/kds_3.0.0/toolchain/bin/../lib/gcc/arm-none-eabi/4.8.4/../../../../arm-none-eabi/lib/armv6-m\libg_s.a(lib_a-wsetup.o)
                0x000063dc                __swsetup_r
 .text.abort    0x000064c0        0xe d:/freescale/kds_3.0.0/toolchain/bin/../lib/gcc/arm-none-eabi/4.8.4/../../../../arm-none-eabi/lib/armv6-m\libg_s.a(lib_a-abort.o)
                0x000064c0                abort
 .text.__sflush_r
                0x000064ce      0x112 d:/freescale/kds_3.0.0/toolchain/bin/../lib/gcc/arm-none-eabi/4.8.4/../../../../arm-none-eabi/lib/armv6-m\libg_s.a(lib_a-fflush.o)
                0x000064ce                __sflush_r
 .text._fflush_r
                0x000065e0       0x58 d:/freescale/kds_3.0.0/toolchain/bin/../lib/gcc/arm-none-eabi/4.8.4/../../../../arm-none-eabi/lib/armv6-m\libg_s.a(lib_a-fflush.o)
                0x000065e0                _fflush_r
 .text._cleanup_r
                0x00006638       0x34 d:/freescale/kds_3.0.0/toolchain/bin/../lib/gcc/arm-none-eabi/4.8.4/../../../../arm-none-eabi/lib/armv6-m\libg_s.a(lib_a-findfp.o)
                0x00006638                _cleanup_r
 .text.std.isra.0
                0x0000666c       0x48 d:/freescale/kds_3.0.0/toolchain/bin/../lib/gcc/arm-none-eabi/4.8.4/../../../../arm-none-eabi/lib/armv6-m\libg_s.a(lib_a-findfp.o)
 .text.__sfmoreglue
                0x000066b4       0x2c d:/freescale/kds_3.0.0/toolchain/bin/../lib/gcc/arm-none-eabi/4.8.4/../../../../arm-none-eabi/lib/armv6-m\libg_s.a(lib_a-findfp.o)
                0x000066b4                __sfmoreglue
 .text.__sinit  0x000066e0       0x64 d:/freescale/kds_3.0.0/toolchain/bin/../lib/gcc/arm-none-eabi/4.8.4/../../../../arm-none-eabi/lib/armv6-m\libg_s.a(lib_a-findfp.o)
                0x000066e0                __sinit
 .text.__sfp    0x00006744       0x7c d:/freescale/kds_3.0.0/toolchain/bin/../lib/gcc/arm-none-eabi/4.8.4/../../../../arm-none-eabi/lib/armv6-m\libg_s.a(lib_a-findfp.o)
                0x00006744                __sfp
 .text.__smakebuf_r
                0x000067c0       0xa0 d:/freescale/kds_3.0.0/toolchain/bin/../lib/gcc/arm-none-eabi/4.8.4/../../../../arm-none-eabi/lib/armv6-m\libg_s.a(lib_a-makebuf.o)
                0x000067c0                __smakebuf_r
 .text.memchr   0x00006860       0x16 d:/freescale/kds_3.0.0/toolchain/bin/../lib/gcc/arm-none-eabi/4.8.4/../../../../arm-none-eabi/lib/armv6-m\libg_s.a(lib_a-memchr-stub.o)
                0x00006860                memchr
 .text._raise_r
                0x00006876       0x56 d:/freescale/kds_3.0.0/toolchain/bin/../lib/gcc/arm-none-eabi/4.8.4/../../../../arm-none-eabi/lib/armv6-m\libg_s.a(lib_a-signal.o)
                0x00006876                _raise_r
 .text.raise    0x000068cc       0x14 d:/freescale/kds_3.0.0/toolchain/bin/../lib/gcc/arm-none-eabi/4.8.4/../../../../arm-none-eabi/lib/armv6-m\libg_s.a(lib_a-signal.o)
                0x000068cc                raise
 .text._kill_r  0x000068e0       0x24 d:/freescale/kds_3.0.0/toolchain/bin/../lib/gcc/arm-none-eabi/4.8.4/../../../../arm-none-eabi/lib/armv6-m\libg_s.a(lib_a-signalr.o)
                0x000068e0                _kill_r
 .text._getpid_r
                0x00006904        0x8 d:/freescale/kds_3.0.0/toolchain/bin/../lib/gcc/arm-none-eabi/4.8.4/../../../../arm-none-eabi/lib/armv6-m\libg_s.a(lib_a-signalr.o)
                0x00006904                _getpid_r
 .text.__sread  0x0000690c       0x28 d:/freescale/kds_3.0.0/toolchain/bin/../lib/gcc/arm-none-eabi/4.8.4/../../../../arm-none-eabi/lib/armv6-m\libg_s.a(lib_a-stdio.o)
                0x0000690c                __sread
 .text.__swrite
                0x00006934       0x38 d:/freescale/kds_3.0.0/toolchain/bin/../lib/gcc/arm-none-eabi/4.8.4/../../../../arm-none-eabi/lib/armv6-m\libg_s.a(lib_a-stdio.o)
                0x00006934                __swrite
 .text.__sseek  0x0000696c       0x2c d:/freescale/kds_3.0.0/toolchain/bin/../lib/gcc/arm-none-eabi/4.8.4/../../../../arm-none-eabi/lib/armv6-m\libg_s.a(lib_a-stdio.o)
                0x0000696c                __sseek
 .text.__sclose
                0x00006998        0xc d:/freescale/kds_3.0.0/toolchain/bin/../lib/gcc/arm-none-eabi/4.8.4/../../../../arm-none-eabi/lib/armv6-m\libg_s.a(lib_a-stdio.o)
                0x00006998                __sclose
 .text._write_r
                0x000069a4       0x28 d:/freescale/kds_3.0.0/toolchain/bin/../lib/gcc/arm-none-eabi/4.8.4/../../../../arm-none-eabi/lib/armv6-m\libg_s.a(lib_a-writer.o)
                0x000069a4                _write_r
 .text._close_r
                0x000069cc       0x24 d:/freescale/kds_3.0.0/toolchain/bin/../lib/gcc/arm-none-eabi/4.8.4/../../../../arm-none-eabi/lib/armv6-m\libg_s.a(lib_a-closer.o)
                0x000069cc                _close_r
 .text._fstat_r
                0x000069f0       0x24 d:/freescale/kds_3.0.0/toolchain/bin/../lib/gcc/arm-none-eabi/4.8.4/../../../../arm-none-eabi/lib/armv6-m\libg_s.a(lib_a-fstatr.o)
                0x000069f0                _fstat_r
 .text._isatty_r
                0x00006a14       0x24 d:/freescale/kds_3.0.0/toolchain/bin/../lib/gcc/arm-none-eabi/4.8.4/../../../../arm-none-eabi/lib/armv6-m\libg_s.a(lib_a-isattyr.o)
                0x00006a14                _isatty_r
 .text._lseek_r
                0x00006a38       0x28 d:/freescale/kds_3.0.0/toolchain/bin/../lib/gcc/arm-none-eabi/4.8.4/../../../../arm-none-eabi/lib/armv6-m\libg_s.a(lib_a-lseekr.o)
                0x00006a38                _lseek_r
 .text._read_r  0x00006a60       0x28 d:/freescale/kds_3.0.0/toolchain/bin/../lib/gcc/arm-none-eabi/4.8.4/../../../../arm-none-eabi/lib/armv6-m\libg_s.a(lib_a-readr.o)
                0x00006a60                _read_r
 .text._close   0x00006a88       0x10 d:/freescale/kds_3.0.0/toolchain/bin/../lib/gcc/arm-none-eabi/4.8.4/../../../../arm-none-eabi/lib/armv6-m\libnosys.a(close.o)
                0x00006a88                _close
 .text._fstat   0x00006a98       0x10 d:/freescale/kds_3.0.0/toolchain/bin/../lib/gcc/arm-none-eabi/4.8.4/../../../../arm-none-eabi/lib/armv6-m\libnosys.a(fstat.o)
                0x00006a98                _fstat
 .text._getpid  0x00006aa8       0x10 d:/freescale/kds_3.0.0/toolchain/bin/../lib/gcc/arm-none-eabi/4.8.4/../../../../arm-none-eabi/lib/armv6-m\libnosys.a(getpid.o)
                0x00006aa8                _getpid
 .text._isatty  0x00006ab8       0x10 d:/freescale/kds_3.0.0/toolchain/bin/../lib/gcc/arm-none-eabi/4.8.4/../../../../arm-none-eabi/lib/armv6-m\libnosys.a(isatty.o)
                0x00006ab8                _isatty
 .text._kill    0x00006ac8       0x10 d:/freescale/kds_3.0.0/toolchain/bin/../lib/gcc/arm-none-eabi/4.8.4/../../../../arm-none-eabi/lib/armv6-m\libnosys.a(kill.o)
                0x00006ac8                _kill
 .text._lseek   0x00006ad8       0x10 d:/freescale/kds_3.0.0/toolchain/bin/../lib/gcc/arm-none-eabi/4.8.4/../../../../arm-none-eabi/lib/armv6-m\libnosys.a(lseek.o)
                0x00006ad8                _lseek
 .text._read    0x00006ae8       0x10 d:/freescale/kds_3.0.0/toolchain/bin/../lib/gcc/arm-none-eabi/4.8.4/../../../../arm-none-eabi/lib/armv6-m\libnosys.a(read.o)
                0x00006ae8                _read
 .text._sbrk    0x00006af8       0x34 d:/freescale/kds_3.0.0/toolchain/bin/../lib/gcc/arm-none-eabi/4.8.4/../../../../arm-none-eabi/lib/armv6-m\libnosys.a(sbrk.o)
                0x00006af8                _sbrk
 .text._write   0x00006b2c       0x10 d:/freescale/kds_3.0.0/toolchain/bin/../lib/gcc/arm-none-eabi/4.8.4/../../../../arm-none-eabi/lib/armv6-m\libnosys.a(write.o)
                0x00006b2c                _write
 .text._exit    0x00006b3c        0x4 d:/freescale/kds_3.0.0/toolchain/bin/../lib/gcc/arm-none-eabi/4.8.4/../../../../arm-none-eabi/lib/armv6-m\libnosys.a(_exit.o)
                0x00006b3c                _exit
 *(.rodata)
 .rodata        0x00006b40       0x5c ./Sources/gpio.o
 .rodata        0x00006b9c       0x5c ./Sources/i2c.o
 .rodata        0x00006bf8       0xb8 ./Sources/main.o
 .rodata        0x00006cb0       0x4c ./Sources/mifare_classic.o
 .rodata        0x00006cfc       0x14 ./Sources/mifare_ultralight.o
 .rodata        0x00006d10        0x4 ./Sources/ndef_message.o
 .rodata        0x00006d14        0x8 ./Sources/nfc_tag.o
 .rodata        0x00006d1c       0x64 ./Sources/pn532_i2c.o
 .rodata        0x00006d80      0x1a8 ./SDK/platform/system/src/clock/MKL02Z4/fsl_clock_MKL02Z4.o
 .rodata        0x00006f28       0x64 ./SDK/platform/osa/src/fsl_os_abstraction_bm.o
 .rodata        0x00006f8c       0x48 ./SDK/platform/hal/src/i2c/fsl_i2c_hal.o
 .rodata        0x00006fd4       0x38 ./SDK/platform/hal/src/gpio/fsl_gpio_hal.o
 .rodata        0x0000700c      0x110 ./SDK/platform/drivers/src/i2c/fsl_i2c_master_driver.o
 .rodata        0x0000711c       0x5c ./SDK/platform/drivers/src/i2c/fsl_i2c_shared_function.o
 .rodata        0x00007178      0x108 ./SDK/platform/drivers/src/i2c/fsl_i2c_slave_driver.o
 .rodata        0x00007280       0x2c ./Generated_Code/osa1.o
 .rodata        0x000072ac       0x5c ./Generated_Code/pin_mux.o
 *(.rodata*)
 .rodata.__func__.4896
                0x00007308       0x18 ./Sources/gpio.o
 .rodata.i2c_slave_callback
                0x00007320       0x18 ./Sources/i2c.o
 .rodata.__func__.5053
                0x00007338       0x14 ./Sources/i2c.o
 .rodata.__func__.6088
                0x0000734c       0x18 ./Sources/main.o
 .rodata.__func__.6083
                0x00007364       0x18 ./Sources/main.o
 .rodata.__func__.5819
                0x0000737c       0x14 ./Sources/main.o
 .rodata.__func__.6117
                0x00007390       0x18 ./Sources/main.o
 .rodata.__func__.4987
                0x000073a8       0x14 ./Sources/pn532_i2c.o
 .rodata.i2cGateTable
                0x000073bc        0x4 ./SDK/platform/system/src/clock/MKL02Z4/fsl_clock_MKL02Z4.o
 .rodata.__func__.5914
                0x000073c0       0x1c ./SDK/platform/system/src/clock/MKL02Z4/fsl_clock_MKL02Z4.o
 .rodata.__func__.5959
                0x000073dc       0x10 ./SDK/platform/osa/src/fsl_os_abstraction_bm.o
 .rodata.__func__.5965
                0x000073ec       0x10 ./SDK/platform/osa/src/fsl_os_abstraction_bm.o
 .rodata.__func__.5969
                0x000073fc       0x10 ./SDK/platform/osa/src/fsl_os_abstraction_bm.o
 .rodata.__func__.5996
                0x0000740c       0x10 ./SDK/platform/osa/src/fsl_os_abstraction_bm.o
 .rodata.__func__.6015
                0x0000741c       0x10 ./SDK/platform/osa/src/fsl_os_abstraction_bm.o
 .rodata.fllFactorTable.5089
                0x0000742c       0x10 ./SDK/platform/hal/src/mcg/fsl_mcg_hal.o
 .rodata.kI2CDividerTable
                0x0000743c       0xc8 ./SDK/platform/hal/src/i2c/fsl_i2c_hal.o
                0x0000743c                kI2CDividerTable
 .rodata.__func__.5089
                0x00007504       0x14 ./SDK/platform/hal/src/i2c/fsl_i2c_hal.o
 .rodata.__func__.5004
                0x00007518       0x14 ./SDK/platform/hal/src/gpio/fsl_gpio_hal.o
 .rodata.g_i2cBase
                0x0000752c        0x8 ./SDK/platform/drivers/src/i2c/fsl_i2c_common.o
                0x0000752c                g_i2cBase
 .rodata.g_i2cIrqId
                0x00007534        0x4 ./SDK/platform/drivers/src/i2c/fsl_i2c_common.o
                0x00007534                g_i2cIrqId
 .rodata.__func__.6336
                0x00007538       0x14 ./SDK/platform/drivers/src/i2c/fsl_i2c_master_driver.o
 .rodata.__func__.6293
                0x0000754c       0x14 ./SDK/platform/drivers/src/i2c/fsl_i2c_master_driver.o
 .rodata.__func__.6348
                0x00007560       0x1c ./SDK/platform/drivers/src/i2c/fsl_i2c_master_driver.o
 .rodata.__func__.6407
                0x0000757c       0x1c ./SDK/platform/drivers/src/i2c/fsl_i2c_master_driver.o
 .rodata.__func__.6419
                0x00007598       0x14 ./SDK/platform/drivers/src/i2c/fsl_i2c_master_driver.o
 .rodata.__func__.6427
                0x000075ac       0x1c ./SDK/platform/drivers/src/i2c/fsl_i2c_master_driver.o
 .rodata.__func__.6438
                0x000075c8       0x14 ./SDK/platform/drivers/src/i2c/fsl_i2c_master_driver.o
 .rodata.__func__.6458
                0x000075dc       0x14 ./SDK/platform/drivers/src/i2c/fsl_i2c_master_driver.o
 .rodata.__func__.6471
                0x000075f0       0x18 ./SDK/platform/drivers/src/i2c/fsl_i2c_master_driver.o
 .rodata.__func__.5069
                0x00007608       0x14 ./SDK/platform/drivers/src/i2c/fsl_i2c_shared_function.o
 .rodata.__func__.6317
                0x0000761c       0x14 ./SDK/platform/drivers/src/i2c/fsl_i2c_slave_driver.o
 .rodata.__func__.6303
                0x00007630       0x14 ./SDK/platform/drivers/src/i2c/fsl_i2c_slave_driver.o
 .rodata.__func__.6397
                0x00007644       0x18 ./SDK/platform/drivers/src/i2c/fsl_i2c_slave_driver.o
 .rodata.__func__.6703
                0x0000765c       0x10 ./Generated_Code/osa1.o
 .rodata.__func__.4914
                0x0000766c       0x14 ./Generated_Code/pin_mux.o
 .rodata.str1.1
                0x00007680       0x3c d:/freescale/kds_3.0.0/toolchain/bin/../lib/gcc/arm-none-eabi/4.8.4/../../../../arm-none-eabi/lib/armv6-m\libg_s.a(lib_a-assert.o)
                                 0x3d (size before relaxing)
 .rodata.str1.1
                0x000076bc        0x2 d:/freescale/kds_3.0.0/toolchain/bin/../lib/gcc/arm-none-eabi/4.8.4/../../../../arm-none-eabi/lib/armv6-m\libg_s.a(lib_a-impure.o)
 *fill*         0x000076be        0x2 
 .rodata._global_impure_ptr
                0x000076c0        0x4 d:/freescale/kds_3.0.0/toolchain/bin/../lib/gcc/arm-none-eabi/4.8.4/../../../../arm-none-eabi/lib/armv6-m\libg_s.a(lib_a-impure.o)
                0x000076c0                _global_impure_ptr
 .rodata.str1.1
                0x000076c4       0x11 d:/freescale/kds_3.0.0/toolchain/bin/../lib/gcc/arm-none-eabi/4.8.4/../../../../arm-none-eabi/lib/armv6-m\libg_s.a(lib_a-vfprintf.o)
 .rodata.str1.1
                0x000076d5       0x22 d:/freescale/kds_3.0.0/toolchain/bin/../lib/gcc/arm-none-eabi/4.8.4/../../../../arm-none-eabi/lib/armv6-m\libg_s.a(lib_a-vfprintf_i.o)
 *fill*         0x000076f7        0x1 
 .rodata.__sf_fake_stdin
                0x000076f8       0x20 d:/freescale/kds_3.0.0/toolchain/bin/../lib/gcc/arm-none-eabi/4.8.4/../../../../arm-none-eabi/lib/armv6-m\libg_s.a(lib_a-findfp.o)
                0x000076f8                __sf_fake_stdin
 .rodata.__sf_fake_stdout
                0x00007718       0x20 d:/freescale/kds_3.0.0/toolchain/bin/../lib/gcc/arm-none-eabi/4.8.4/../../../../arm-none-eabi/lib/armv6-m\libg_s.a(lib_a-findfp.o)
                0x00007718                __sf_fake_stdout
 .rodata.__sf_fake_stderr
                0x00007738       0x20 d:/freescale/kds_3.0.0/toolchain/bin/../lib/gcc/arm-none-eabi/4.8.4/../../../../arm-none-eabi/lib/armv6-m\libg_s.a(lib_a-findfp.o)
                0x00007738                __sf_fake_stderr
 *(.glue_7)
 .glue_7        0x00000000        0x0 linker stubs
 *(.glue_7t)
 .glue_7t       0x00000000        0x0 linker stubs
 *(.eh_frame)
 .eh_frame      0x00007758        0x0 d:/freescale/kds_3.0.0/toolchain/bin/../lib/gcc/arm-none-eabi/4.8.4/armv6-m/crtbegin.o
 *(.init)
 .init          0x00007758        0x4 d:/freescale/kds_3.0.0/toolchain/bin/../lib/gcc/arm-none-eabi/4.8.4/armv6-m/crti.o
                0x00007758                _init
 .init          0x0000775c        0x8 d:/freescale/kds_3.0.0/toolchain/bin/../lib/gcc/arm-none-eabi/4.8.4/armv6-m/crtn.o
 *(.fini)
 .fini          0x00007764        0x4 d:/freescale/kds_3.0.0/toolchain/bin/../lib/gcc/arm-none-eabi/4.8.4/armv6-m/crti.o
                0x00007764                _fini
 .fini          0x00007768        0x8 d:/freescale/kds_3.0.0/toolchain/bin/../lib/gcc/arm-none-eabi/4.8.4/armv6-m/crtn.o
                0x00007770                . = ALIGN (0x4)

.vfp11_veneer   0x00007770        0x0
 .vfp11_veneer  0x00000000        0x0 linker stubs

.v4_bx          0x00007770        0x0
 .v4_bx         0x00000000        0x0 linker stubs

.iplt           0x00007770        0x0
 .iplt          0x00000000        0x0 d:/freescale/kds_3.0.0/toolchain/bin/../lib/gcc/arm-none-eabi/4.8.4/armv6-m/crtbegin.o

.ARM.extab
 *(.ARM.extab* .gnu.linkonce.armextab.*)

.ARM            0x00007770        0x8
                0x00007770                __exidx_start = .
 *(.ARM.exidx*)
 .ARM.exidx     0x00007770        0x8 d:/freescale/kds_3.0.0/toolchain/bin/../lib/gcc/arm-none-eabi/4.8.4/../../../../arm-none-eabi/lib/armv6-m/crt0.o
 .ARM.exidx     0x00007778        0x0 d:/freescale/kds_3.0.0/toolchain/bin/../lib/gcc/arm-none-eabi/4.8.4/armv6-m\libgcc.a(_divdi3.o)
                                  0x8 (size before relaxing)
 .ARM.exidx     0x00007778        0x0 d:/freescale/kds_3.0.0/toolchain/bin/../lib/gcc/arm-none-eabi/4.8.4/armv6-m\libgcc.a(_udivdi3.o)
                                  0x8 (size before relaxing)
                0x00007778                __exidx_end = .

.rel.dyn        0x00007778        0x0
 .rel.iplt      0x00000000        0x0 d:/freescale/kds_3.0.0/toolchain/bin/../lib/gcc/arm-none-eabi/4.8.4/armv6-m/crtbegin.o

.ctors          0x00007778        0x0
                0x00007778                __CTOR_LIST__ = .
 *crtbegin.o(.ctors)
 *crtbegin?.o(.ctors)
 *(EXCLUDE_FILE(*crtend.o *crtend?.o) .ctors)
 *(SORT(.ctors.*))
 *(.ctors)
                0x00007778                __CTOR_END__ = .

.dtors          0x00007778        0x0
                0x00007778                __DTOR_LIST__ = .
 *crtbegin.o(.dtors)
 *crtbegin?.o(.dtors)
 *(EXCLUDE_FILE(*crtend.o *crtend?.o) .dtors)
 *(SORT(.dtors.*))
 *(.dtors)
                0x00007778                __DTOR_END__ = .

.preinit_array  0x00007778        0x0
                0x00007778                PROVIDE (__preinit_array_start, .)
 *(.preinit_array*)
                0x00007778                PROVIDE (__preinit_array_end, .)

.init_array     0x00007778        0x4
                0x00007778                PROVIDE (__init_array_start, .)
 *(SORT(.init_array.*))
 *(.init_array*)
 .init_array    0x00007778        0x4 d:/freescale/kds_3.0.0/toolchain/bin/../lib/gcc/arm-none-eabi/4.8.4/armv6-m/crtbegin.o
                0x0000777c                PROVIDE (__init_array_end, .)

.fini_array     0x0000777c        0x4
                0x0000777c                PROVIDE (__fini_array_start, .)
 *(SORT(.fini_array.*))
 *(.fini_array*)
 .fini_array    0x0000777c        0x4 d:/freescale/kds_3.0.0/toolchain/bin/../lib/gcc/arm-none-eabi/4.8.4/armv6-m/crtbegin.o
                0x00007780                PROVIDE (__fini_array_end, .)
                0x00007780                __etext = .
                0x00007780                __DATA_ROM = .

.mtb            0x1ffffe00        0x0
                0x1ffffe00                . = ALIGN (0x8)
                0x1ffffe00                _mtb_start = .
 *(.mtb_buf)
                0x1ffffe00                . = ALIGN (0x8)
                0x1ffffe00                _mtb_end = .

.data           0x1ffffe00      0x10c load address 0x00007780
                0x1ffffe00                . = ALIGN (0x4)
                0x1ffffe00                __DATA_RAM = .
                0x1ffffe00                __data_start__ = .
 *(.data)
 *(.data*)
 .data.emulateTag
                0x1ffffe00       0x8c ./Sources/emulate_tag.o
                0x1ffffe00                emulateTag
 .data.RegScanData
                0x1ffffe8c        0x4 ./Sources/i2c.o
                0x1ffffe8c                RegScanData
 .data.uid      0x1ffffe90        0x4 ./Sources/main.o
                0x1ffffe90                uid
 .data.device   0x1ffffe94        0x8 ./Sources/pn532_i2c.o
                0x1ffffe94                device
 .data.g_fastInternalRefClkFreq
                0x1ffffe9c        0x4 ./SDK/platform/hal/src/mcg/fsl_mcg_hal.o
                0x1ffffe9c                g_fastInternalRefClkFreq
 .data.g_slowInternalRefClkFreq
                0x1ffffea0        0x4 ./SDK/platform/hal/src/mcg/fsl_mcg_hal.o
                0x1ffffea0                g_slowInternalRefClkFreq
 .data.impure_data
                0x1ffffea4       0x60 d:/freescale/kds_3.0.0/toolchain/bin/../lib/gcc/arm-none-eabi/4.8.4/../../../../arm-none-eabi/lib/armv6-m\libg_s.a(lib_a-impure.o)
 .data._impure_ptr
                0x1fffff04        0x4 d:/freescale/kds_3.0.0/toolchain/bin/../lib/gcc/arm-none-eabi/4.8.4/../../../../arm-none-eabi/lib/armv6-m\libg_s.a(lib_a-impure.o)
                0x1fffff04                _impure_ptr
 *(.jcr*)
 .jcr           0x1fffff08        0x0 d:/freescale/kds_3.0.0/toolchain/bin/../lib/gcc/arm-none-eabi/4.8.4/armv6-m/crtbegin.o
 .jcr           0x1fffff08        0x4 d:/freescale/kds_3.0.0/toolchain/bin/../lib/gcc/arm-none-eabi/4.8.4/armv6-m/crtend.o
                0x1fffff0c                . = ALIGN (0x4)
                0x1fffff0c                __data_end__ = .
                0x0000788c                __DATA_END = (__DATA_ROM + (__data_end__ - __data_start__))
                0x0000788c                __m_interrupts_ram_ROMStart = (__DATA_ROM + SIZEOF (.data))

.igot.plt       0x1fffff0c        0x0 load address 0x0000788c
 .igot.plt      0x00000000        0x0 d:/freescale/kds_3.0.0/toolchain/bin/../lib/gcc/arm-none-eabi/4.8.4/armv6-m/crtbegin.o

.m_interrupts_ram
                0x1ffffc00      0x200 load address 0x0000788c
                0x1ffffc00                . = ALIGN (0x4)
                0x1ffffc00                __m_interrupts_ram_RAMStart = .
 *(.m_interrupts_ram)
                0x1ffffe00                . = (. + 0x200)
 *fill*         0x1ffffc00      0x200 
                0x1ffffe00                __m_interrupts_ram_RAMEnd = .
                0x1ffffe00                . = ALIGN (0x4)
                0x00000200                __m_interrupts_ram_ROMSize = (__m_interrupts_ram_RAMEnd - __m_interrupts_ram_RAMStart)
                0x00000200                __RAM_VECTOR_TABLE_SIZE_BYTES = (__m_interrupts_ram_RAMEnd - __m_interrupts_ram_RAMStart)

.bss            0x1fffff0c      0x44c load address 0x0000788c
                0x1fffff0c                . = ALIGN (0x4)
                0x1fffff0c                __START_BSS = .
                0x1fffff0c                __bss_start__ = .
 *(.bss)
 .bss           0x1fffff0c       0x1c d:/freescale/kds_3.0.0/toolchain/bin/../lib/gcc/arm-none-eabi/4.8.4/armv6-m/crtbegin.o
 *(.bss*)
 .bss.TxBuff    0x1fffff28       0x80 ./Sources/i2c.o
                0x1fffff28                TxBuff
 .bss.RxBuff    0x1fffffa8       0x80 ./Sources/i2c.o
                0x1fffffa8                RxBuff
 .bss.i2c_send_count
                0x20000028        0x1 ./Sources/i2c.o
                0x20000028                i2c_send_count
 .bss.i2c_receive_count
                0x20000029        0x1 ./Sources/i2c.o
                0x20000029                i2c_receive_count
 .bss.i2c_send_length
                0x2000002a        0x1 ./Sources/i2c.o
                0x2000002a                i2c_send_length
 .bss.i2c_receive_length
                0x2000002b        0x1 ./Sources/i2c.o
                0x2000002b                i2c_receive_length
 .bss.i2c_comand
                0x2000002c        0x1 ./Sources/i2c.o
                0x2000002c                i2c_comand
 .bss.i2c_comand_flag
                0x2000002d        0x1 ./Sources/i2c.o
                0x2000002d                i2c_comand_flag
 .bss.nfc_cmd   0x2000002e        0x1 ./Sources/main.o
                0x2000002e                nfc_cmd
 .bss.sys_gpio_test
                0x2000002f        0x1 ./Sources/main.o
                0x2000002f                sys_gpio_test
 .bss.type_buffer
                0x20000030       0x20 ./Sources/ndef_record.o
                0x20000030                type_buffer
 .bss.payload_buffer
                0x20000050       0x80 ./Sources/ndef_record.o
                0x20000050                payload_buffer
 .bss.id_buffer
                0x200000d0       0x20 ./Sources/ndef_record.o
                0x200000d0                id_buffer
 .bss.tagType_buffer
                0x200000f0       0x10 ./Sources/nfc_tag.o
                0x200000f0                tagType_buffer
 .bss.Buffer    0x20000100       0x90 ./Sources/pn532_i2c.o
                0x20000100                Buffer
 .bss.g_interruptDisableCount
                0x20000190        0x4 ./SDK/platform/system/src/interrupt/fsl_interrupt_manager.o
                0x20000190                g_interruptDisableCount
 .bss.g_taskControlBlockPool
                0x20000194       0x50 ./SDK/platform/osa/src/fsl_os_abstraction_bm.o
 .bss.g_freeTaskControlBlock
                0x200001e4        0x4 ./SDK/platform/osa/src/fsl_os_abstraction_bm.o
 .bss.g_taskListHead
                0x200001e8       0x10 ./SDK/platform/osa/src/fsl_os_abstraction_bm.o
 .bss.g_i2cStatePtr
                0x200001f8        0x8 ./SDK/platform/drivers/src/i2c/fsl_i2c_common.o
                0x200001f8                g_i2cStatePtr
 .bss.SwTimerIsrCounter
                0x20000200        0x2 ./Generated_Code/osa1.o
 *fill*         0x20000202        0x2 
 .bss.__malloc_sbrk_start
                0x20000204        0x4 d:/freescale/kds_3.0.0/toolchain/bin/../lib/gcc/arm-none-eabi/4.8.4/../../../../arm-none-eabi/lib/armv6-m\libg_s.a(lib_a-nano-mallocr.o)
                0x20000204                __malloc_sbrk_start
 .bss.__malloc_free_list
                0x20000208        0x4 d:/freescale/kds_3.0.0/toolchain/bin/../lib/gcc/arm-none-eabi/4.8.4/../../../../arm-none-eabi/lib/armv6-m\libg_s.a(lib_a-nano-mallocr.o)
                0x20000208                __malloc_free_list
 .bss.heap_end.4246
                0x2000020c        0x4 d:/freescale/kds_3.0.0/toolchain/bin/../lib/gcc/arm-none-eabi/4.8.4/../../../../arm-none-eabi/lib/armv6-m\libnosys.a(sbrk.o)
 *(COMMON)
 COMMON         0x20000210       0x58 ./Sources/i2c.o
                0x20000210                userConfig
                0x20000220                callParam
                0x20000230                slave
 COMMON         0x20000268       0x19 ./Sources/main.o
                0x20000268                nfc_status
                0x2000026c                adapter
                0x20000278                tag
                0x2000027c                message
                0x20000280                status
 *fill*         0x20000281        0x3 
 COMMON         0x20000284       0x10 ./Sources/mifare_ultralight.o
                0x20000284                mifareUltralight
 COMMON         0x20000294       0x14 ./Sources/ndef_message.o
                0x20000294                message_buffer
 COMMON         0x200002a8       0x1c ./Sources/ndef_record.o
                0x200002a8                record_buffer
 COMMON         0x200002c4       0x10 ./Sources/nfc_tag.o
                0x200002c4                nfcTag_buffer
 COMMON         0x200002d4       0x4f ./Sources/pn532.o
                0x200002d4                pn532
 *fill*         0x20000323        0x1 
 COMMON         0x20000324       0x28 ./Sources/pn532_i2c.o
                0x20000324                command
                0x20000328                master
 COMMON         0x2000034c        0x8 ./SDK/platform/hal/src/mcg/fsl_mcg_hal.o
                0x2000034c                g_xtal0ClkFreq
                0x20000350                g_xtalRtcClkFreq
 COMMON         0x20000354        0x4 d:/freescale/kds_3.0.0/toolchain/bin/../lib/gcc/arm-none-eabi/4.8.4/../../../../arm-none-eabi/lib/armv6-m\libg_s.a(lib_a-reent.o)
                0x20000354                errno
                0x20000358                . = ALIGN (0x4)
                0x20000358                __bss_end__ = .
                0x20000358                __END_BSS = .

.heap           0x20000358        0x0
                0x20000358                . = ALIGN (0x8)
                0x20000358                __end__ = .
                0x20000358                PROVIDE (end, .)
                0x20000358                __HeapBase = .
                0x20000358                . = (. + HEAP_SIZE)
                0x20000358                __HeapLimit = .

.stack          0x20000358      0x100 load address 0x00007cd8
                0x20000358                . = ALIGN (0x8)
                0x20000458                . = (. + STACK_SIZE)
 *fill*         0x20000358      0x100 
                0x20000c00                __StackTop = (ORIGIN (m_data) + 0xe00)
                0x20000b00                __StackLimit = (__StackTop - STACK_SIZE)
                0x20000c00                PROVIDE (__stack, __StackTop)

.ARM.attributes
                0x00000000       0x28
 *(.ARM.attributes)
 .ARM.attributes
                0x00000000       0x1e d:/freescale/kds_3.0.0/toolchain/bin/../lib/gcc/arm-none-eabi/4.8.4/armv6-m/crti.o
 .ARM.attributes
                0x0000001e       0x2c d:/freescale/kds_3.0.0/toolchain/bin/../lib/gcc/arm-none-eabi/4.8.4/armv6-m/crtbegin.o
 .ARM.attributes
                0x0000004a       0x1b d:/freescale/kds_3.0.0/toolchain/bin/../lib/gcc/arm-none-eabi/4.8.4/../../../../arm-none-eabi/lib/armv6-m/crt0.o
 .ARM.attributes
                0x00000065       0x32 ./Static_Code/System/PE_low_level_init.o
 .ARM.attributes
                0x00000097       0x32 ./Sources/Events.o
 .ARM.attributes
                0x000000c9       0x32 ./Sources/delay.o
 .ARM.attributes
                0x000000fb       0x32 ./Sources/emulate_tag.o
 .ARM.attributes
                0x0000012d       0x32 ./Sources/gpio.o
 .ARM.attributes
                0x0000015f       0x32 ./Sources/i2c.o
 .ARM.attributes
                0x00000191       0x32 ./Sources/main.o
 .ARM.attributes
                0x000001c3       0x32 ./Sources/mifare_classic.o
 .ARM.attributes
                0x000001f5       0x32 ./Sources/mifare_ultralight.o
 .ARM.attributes
                0x00000227       0x32 ./Sources/ndef_message.o
 .ARM.attributes
                0x00000259       0x32 ./Sources/ndef_record.o
 .ARM.attributes
                0x0000028b       0x32 ./Sources/nfc_adapter.o
 .ARM.attributes
                0x000002bd       0x32 ./Sources/nfc_tag.o
 .ARM.attributes
                0x000002ef       0x32 ./Sources/pn532.o
 .ARM.attributes
                0x00000321       0x32 ./Sources/pn532_i2c.o
 .ARM.attributes
                0x00000353       0x32 ./SDK/platform/system/src/interrupt/fsl_interrupt_manager.o
 .ARM.attributes
                0x00000385       0x32 ./SDK/platform/system/src/clock/MKL02Z4/fsl_clock_MKL02Z4.o
 .ARM.attributes
                0x000003b7       0x32 ./SDK/platform/system/src/clock/fsl_clock_manager.o
 .ARM.attributes
                0x000003e9       0x32 ./SDK/platform/osa/src/fsl_os_abstraction_bm.o
 .ARM.attributes
                0x0000041b       0x32 ./SDK/platform/hal/src/mcg/fsl_mcg_hal.o
 .ARM.attributes
                0x0000044d       0x32 ./SDK/platform/hal/src/i2c/fsl_i2c_hal.o
 .ARM.attributes
                0x0000047f       0x32 ./SDK/platform/hal/src/gpio/fsl_gpio_hal.o
 .ARM.attributes
                0x000004b1       0x32 ./SDK/platform/drivers/src/i2c/fsl_i2c_common.o
 .ARM.attributes
                0x000004e3       0x32 ./SDK/platform/drivers/src/i2c/fsl_i2c_master_driver.o
 .ARM.attributes
                0x00000515       0x32 ./SDK/platform/drivers/src/i2c/fsl_i2c_shared_function.o
 .ARM.attributes
                0x00000547       0x32 ./SDK/platform/drivers/src/i2c/fsl_i2c_slave_driver.o
 .ARM.attributes
                0x00000579       0x1b ./SDK/platform/devices/MKL02Z4/startup/gcc/startup_MKL02Z4.o
 .ARM.attributes
                0x00000594       0x32 ./SDK/platform/devices/MKL02Z4/startup/system_MKL02Z4.o
 .ARM.attributes
                0x000005c6       0x32 ./SDK/platform/devices/startup.o
 .ARM.attributes
                0x000005f8       0x32 ./Generated_Code/Cpu.o
 .ARM.attributes
                0x0000062a       0x32 ./Generated_Code/hardware_init.o
 .ARM.attributes
                0x0000065c       0x32 ./Generated_Code/osa1.o
 .ARM.attributes
                0x0000068e       0x32 ./Generated_Code/pin_mux.o
 .ARM.attributes
                0x000006c0       0x1e d:/freescale/kds_3.0.0/toolchain/bin/../lib/gcc/arm-none-eabi/4.8.4/armv6-m\libgcc.a(_udivsi3.o)
 .ARM.attributes
                0x000006de       0x1e d:/freescale/kds_3.0.0/toolchain/bin/../lib/gcc/arm-none-eabi/4.8.4/armv6-m\libgcc.a(_dvmd_tls.o)
 .ARM.attributes
                0x000006fc       0x1e d:/freescale/kds_3.0.0/toolchain/bin/../lib/gcc/arm-none-eabi/4.8.4/armv6-m\libgcc.a(_aeabi_uldivmod.o)
 .ARM.attributes
                0x0000071a       0x2c d:/freescale/kds_3.0.0/toolchain/bin/../lib/gcc/arm-none-eabi/4.8.4/armv6-m\libgcc.a(_muldi3.o)
 .ARM.attributes
                0x00000746       0x2c d:/freescale/kds_3.0.0/toolchain/bin/../lib/gcc/arm-none-eabi/4.8.4/armv6-m\libgcc.a(bpabi.o)
 .ARM.attributes
                0x00000772       0x2c d:/freescale/kds_3.0.0/toolchain/bin/../lib/gcc/arm-none-eabi/4.8.4/armv6-m\libgcc.a(_divdi3.o)
 .ARM.attributes
                0x0000079e       0x2c d:/freescale/kds_3.0.0/toolchain/bin/../lib/gcc/arm-none-eabi/4.8.4/armv6-m\libgcc.a(_udivdi3.o)
 .ARM.attributes
                0x000007ca       0x1e d:/freescale/kds_3.0.0/toolchain/bin/../lib/gcc/arm-none-eabi/4.8.4/armv6-m\libgcc.a(_clzsi2.o)
 .ARM.attributes
                0x000007e8       0x2c d:/freescale/kds_3.0.0/toolchain/bin/../lib/gcc/arm-none-eabi/4.8.4/../../../../arm-none-eabi/lib/armv6-m\libg_s.a(lib_a-assert.o)
 .ARM.attributes
                0x00000814       0x2c d:/freescale/kds_3.0.0/toolchain/bin/../lib/gcc/arm-none-eabi/4.8.4/../../../../arm-none-eabi/lib/armv6-m\libg_s.a(lib_a-exit.o)
 .ARM.attributes
                0x00000840       0x2c d:/freescale/kds_3.0.0/toolchain/bin/../lib/gcc/arm-none-eabi/4.8.4/../../../../arm-none-eabi/lib/armv6-m\libg_s.a(lib_a-fprintf.o)
 .ARM.attributes
                0x0000086c       0x2c d:/freescale/kds_3.0.0/toolchain/bin/../lib/gcc/arm-none-eabi/4.8.4/../../../../arm-none-eabi/lib/armv6-m\libg_s.a(lib_a-impure.o)
 .ARM.attributes
                0x00000898       0x2c d:/freescale/kds_3.0.0/toolchain/bin/../lib/gcc/arm-none-eabi/4.8.4/../../../../arm-none-eabi/lib/armv6-m\libg_s.a(lib_a-init.o)
 .ARM.attributes
                0x000008c4       0x2c d:/freescale/kds_3.0.0/toolchain/bin/../lib/gcc/arm-none-eabi/4.8.4/../../../../arm-none-eabi/lib/armv6-m\libg_s.a(lib_a-memcmp.o)
 .ARM.attributes
                0x000008f0       0x2c d:/freescale/kds_3.0.0/toolchain/bin/../lib/gcc/arm-none-eabi/4.8.4/../../../../arm-none-eabi/lib/armv6-m\libg_s.a(lib_a-memcpy-stub.o)
 .ARM.attributes
                0x0000091c       0x2c d:/freescale/kds_3.0.0/toolchain/bin/../lib/gcc/arm-none-eabi/4.8.4/../../../../arm-none-eabi/lib/armv6-m\libg_s.a(lib_a-memset.o)
 .ARM.attributes
                0x00000948       0x2c d:/freescale/kds_3.0.0/toolchain/bin/../lib/gcc/arm-none-eabi/4.8.4/../../../../arm-none-eabi/lib/armv6-m\libg_s.a(lib_a-nano-freer.o)
 .ARM.attributes
                0x00000974       0x2c d:/freescale/kds_3.0.0/toolchain/bin/../lib/gcc/arm-none-eabi/4.8.4/../../../../arm-none-eabi/lib/armv6-m\libg_s.a(lib_a-nano-mallocr.o)
 .ARM.attributes
                0x000009a0       0x2c d:/freescale/kds_3.0.0/toolchain/bin/../lib/gcc/arm-none-eabi/4.8.4/../../../../arm-none-eabi/lib/armv6-m\libg_s.a(lib_a-sbrkr.o)
 .ARM.attributes
                0x000009cc       0x2c d:/freescale/kds_3.0.0/toolchain/bin/../lib/gcc/arm-none-eabi/4.8.4/../../../../arm-none-eabi/lib/armv6-m\libg_s.a(lib_a-strlen.o)
 .ARM.attributes
                0x000009f8       0x2c d:/freescale/kds_3.0.0/toolchain/bin/../lib/gcc/arm-none-eabi/4.8.4/../../../../arm-none-eabi/lib/armv6-m\libg_s.a(lib_a-vfprintf.o)
 .ARM.attributes
                0x00000a24       0x2c d:/freescale/kds_3.0.0/toolchain/bin/../lib/gcc/arm-none-eabi/4.8.4/../../../../arm-none-eabi/lib/armv6-m\libg_s.a(lib_a-vfprintf_i.o)
 .ARM.attributes
                0x00000a50       0x2c d:/freescale/kds_3.0.0/toolchain/bin/../lib/gcc/arm-none-eabi/4.8.4/../../../../arm-none-eabi/lib/armv6-m\libg_s.a(lib_a-wbuf.o)
 .ARM.attributes
                0x00000a7c       0x2c d:/freescale/kds_3.0.0/toolchain/bin/../lib/gcc/arm-none-eabi/4.8.4/../../../../arm-none-eabi/lib/armv6-m\libg_s.a(lib_a-wsetup.o)
 .ARM.attributes
                0x00000aa8       0x2c d:/freescale/kds_3.0.0/toolchain/bin/../lib/gcc/arm-none-eabi/4.8.4/../../../../arm-none-eabi/lib/armv6-m\libg_s.a(lib_a-abort.o)
 .ARM.attributes
                0x00000ad4       0x2c d:/freescale/kds_3.0.0/toolchain/bin/../lib/gcc/arm-none-eabi/4.8.4/../../../../arm-none-eabi/lib/armv6-m\libg_s.a(lib_a-fflush.o)
 .ARM.attributes
                0x00000b00       0x2c d:/freescale/kds_3.0.0/toolchain/bin/../lib/gcc/arm-none-eabi/4.8.4/../../../../arm-none-eabi/lib/armv6-m\libg_s.a(lib_a-findfp.o)
 .ARM.attributes
                0x00000b2c       0x2c d:/freescale/kds_3.0.0/toolchain/bin/../lib/gcc/arm-none-eabi/4.8.4/../../../../arm-none-eabi/lib/armv6-m\libg_s.a(lib_a-makebuf.o)
 .ARM.attributes
                0x00000b58       0x2c d:/freescale/kds_3.0.0/toolchain/bin/../lib/gcc/arm-none-eabi/4.8.4/../../../../arm-none-eabi/lib/armv6-m\libg_s.a(lib_a-memchr-stub.o)
 .ARM.attributes
                0x00000b84       0x2c d:/freescale/kds_3.0.0/toolchain/bin/../lib/gcc/arm-none-eabi/4.8.4/../../../../arm-none-eabi/lib/armv6-m\libg_s.a(lib_a-reent.o)
 .ARM.attributes
                0x00000bb0       0x2c d:/freescale/kds_3.0.0/toolchain/bin/../lib/gcc/arm-none-eabi/4.8.4/../../../../arm-none-eabi/lib/armv6-m\libg_s.a(lib_a-signal.o)
 .ARM.attributes
                0x00000bdc       0x2c d:/freescale/kds_3.0.0/toolchain/bin/../lib/gcc/arm-none-eabi/4.8.4/../../../../arm-none-eabi/lib/armv6-m\libg_s.a(lib_a-signalr.o)
 .ARM.attributes
                0x00000c08       0x2c d:/freescale/kds_3.0.0/toolchain/bin/../lib/gcc/arm-none-eabi/4.8.4/../../../../arm-none-eabi/lib/armv6-m\libg_s.a(lib_a-stdio.o)
 .ARM.attributes
                0x00000c34       0x2c d:/freescale/kds_3.0.0/toolchain/bin/../lib/gcc/arm-none-eabi/4.8.4/../../../../arm-none-eabi/lib/armv6-m\libg_s.a(lib_a-writer.o)
 .ARM.attributes
                0x00000c60       0x2c d:/freescale/kds_3.0.0/toolchain/bin/../lib/gcc/arm-none-eabi/4.8.4/../../../../arm-none-eabi/lib/armv6-m\libg_s.a(lib_a-closer.o)
 .ARM.attributes
                0x00000c8c       0x2c d:/freescale/kds_3.0.0/toolchain/bin/../lib/gcc/arm-none-eabi/4.8.4/../../../../arm-none-eabi/lib/armv6-m\libg_s.a(lib_a-fstatr.o)
 .ARM.attributes
                0x00000cb8       0x2c d:/freescale/kds_3.0.0/toolchain/bin/../lib/gcc/arm-none-eabi/4.8.4/../../../../arm-none-eabi/lib/armv6-m\libg_s.a(lib_a-isattyr.o)
 .ARM.attributes
                0x00000ce4       0x2c d:/freescale/kds_3.0.0/toolchain/bin/../lib/gcc/arm-none-eabi/4.8.4/../../../../arm-none-eabi/lib/armv6-m\libg_s.a(lib_a-lseekr.o)
 .ARM.attributes
                0x00000d10       0x2c d:/freescale/kds_3.0.0/toolchain/bin/../lib/gcc/arm-none-eabi/4.8.4/../../../../arm-none-eabi/lib/armv6-m\libg_s.a(lib_a-readr.o)
 .ARM.attributes
                0x00000d3c       0x2c d:/freescale/kds_3.0.0/toolchain/bin/../lib/gcc/arm-none-eabi/4.8.4/../../../../arm-none-eabi/lib/armv6-m\libnosys.a(close.o)
 .ARM.attributes
                0x00000d68       0x2c d:/freescale/kds_3.0.0/toolchain/bin/../lib/gcc/arm-none-eabi/4.8.4/../../../../arm-none-eabi/lib/armv6-m\libnosys.a(fstat.o)
 .ARM.attributes
                0x00000d94       0x2c d:/freescale/kds_3.0.0/toolchain/bin/../lib/gcc/arm-none-eabi/4.8.4/../../../../arm-none-eabi/lib/armv6-m\libnosys.a(getpid.o)
 .ARM.attributes
                0x00000dc0       0x2c d:/freescale/kds_3.0.0/toolchain/bin/../lib/gcc/arm-none-eabi/4.8.4/../../../../arm-none-eabi/lib/armv6-m\libnosys.a(isatty.o)
 .ARM.attributes
                0x00000dec       0x2c d:/freescale/kds_3.0.0/toolchain/bin/../lib/gcc/arm-none-eabi/4.8.4/../../../../arm-none-eabi/lib/armv6-m\libnosys.a(kill.o)
 .ARM.attributes
                0x00000e18       0x2c d:/freescale/kds_3.0.0/toolchain/bin/../lib/gcc/arm-none-eabi/4.8.4/../../../../arm-none-eabi/lib/armv6-m\libnosys.a(lseek.o)
 .ARM.attributes
                0x00000e44       0x2c d:/freescale/kds_3.0.0/toolchain/bin/../lib/gcc/arm-none-eabi/4.8.4/../../../../arm-none-eabi/lib/armv6-m\libnosys.a(read.o)
 .ARM.attributes
                0x00000e70       0x2c d:/freescale/kds_3.0.0/toolchain/bin/../lib/gcc/arm-none-eabi/4.8.4/../../../../arm-none-eabi/lib/armv6-m\libnosys.a(sbrk.o)
 .ARM.attributes
                0x00000e9c       0x2c d:/freescale/kds_3.0.0/toolchain/bin/../lib/gcc/arm-none-eabi/4.8.4/../../../../arm-none-eabi/lib/armv6-m\libnosys.a(write.o)
 .ARM.attributes
                0x00000ec8       0x2c d:/freescale/kds_3.0.0/toolchain/bin/../lib/gcc/arm-none-eabi/4.8.4/../../../../arm-none-eabi/lib/armv6-m\libnosys.a(_exit.o)
 .ARM.attributes
                0x00000ef4       0x2c d:/freescale/kds_3.0.0/toolchain/bin/../lib/gcc/arm-none-eabi/4.8.4/armv6-m/crtend.o
 .ARM.attributes
                0x00000f20       0x1e d:/freescale/kds_3.0.0/toolchain/bin/../lib/gcc/arm-none-eabi/4.8.4/armv6-m/crtn.o
OUTPUT(xadow_phone_nfc_v2.elf elf32-littlearm)

.debug_info     0x00000000     0xc5b2
 .debug_info    0x00000000      0x18d ./Static_Code/System/PE_low_level_init.o
 .debug_info    0x0000018d      0x1af ./Sources/Events.o
 .debug_info    0x0000033c       0xcc ./Sources/delay.o
 .debug_info    0x00000408      0x467 ./Sources/emulate_tag.o
 .debug_info    0x0000086f      0x188 ./Sources/gpio.o
 .debug_info    0x000009f7      0x88f ./Sources/i2c.o
 .debug_info    0x00001286      0x656 ./Sources/main.o
 .debug_info    0x000018dc      0x598 ./Sources/mifare_classic.o
 .debug_info    0x00001e74      0x47e ./Sources/mifare_ultralight.o
 .debug_info    0x000022f2      0x4c0 ./Sources/ndef_message.o
 .debug_info    0x000027b2      0x4ce ./Sources/ndef_record.o
 .debug_info    0x00002c80      0x3aa ./Sources/nfc_adapter.o
 .debug_info    0x0000302a      0x4ea ./Sources/nfc_tag.o
 .debug_info    0x00003514      0x822 ./Sources/pn532.o
 .debug_info    0x00003d36      0x6dc ./Sources/pn532_i2c.o
 .debug_info    0x00004412      0x290 ./SDK/platform/system/src/interrupt/fsl_interrupt_manager.o
 .debug_info    0x000046a2     0x121f ./SDK/platform/system/src/clock/MKL02Z4/fsl_clock_MKL02Z4.o
 .debug_info    0x000058c1      0xcff ./SDK/platform/system/src/clock/fsl_clock_manager.o
 .debug_info    0x000065c0      0xefd ./SDK/platform/osa/src/fsl_os_abstraction_bm.o
 .debug_info    0x000074bd      0x978 ./SDK/platform/hal/src/mcg/fsl_mcg_hal.o
 .debug_info    0x00007e35      0x88b ./SDK/platform/hal/src/i2c/fsl_i2c_hal.o
 .debug_info    0x000086c0      0x2f0 ./SDK/platform/hal/src/gpio/fsl_gpio_hal.o
 .debug_info    0x000089b0      0x277 ./SDK/platform/drivers/src/i2c/fsl_i2c_common.o
 .debug_info    0x00008c27     0x111b ./SDK/platform/drivers/src/i2c/fsl_i2c_master_driver.o
 .debug_info    0x00009d42      0x1e6 ./SDK/platform/drivers/src/i2c/fsl_i2c_shared_function.o
 .debug_info    0x00009f28     0x109a ./SDK/platform/drivers/src/i2c/fsl_i2c_slave_driver.o
 .debug_info    0x0000afc2       0x96 ./SDK/platform/devices/MKL02Z4/startup/gcc/startup_MKL02Z4.o
 .debug_info    0x0000b058      0x533 ./SDK/platform/devices/MKL02Z4/startup/system_MKL02Z4.o
 .debug_info    0x0000b58b      0x296 ./SDK/platform/devices/startup.o
 .debug_info    0x0000b821      0x17c ./Generated_Code/Cpu.o
 .debug_info    0x0000b99d      0x350 ./Generated_Code/hardware_init.o
 .debug_info    0x0000bced      0x5a6 ./Generated_Code/osa1.o
 .debug_info    0x0000c293      0x31f ./Generated_Code/pin_mux.o

.debug_abbrev   0x00000000     0x2e47
 .debug_abbrev  0x00000000       0xb5 ./Static_Code/System/PE_low_level_init.o
 .debug_abbrev  0x000000b5       0xcd ./Sources/Events.o
 .debug_abbrev  0x00000182       0x79 ./Sources/delay.o
 .debug_abbrev  0x000001fb      0x1b7 ./Sources/emulate_tag.o
 .debug_abbrev  0x000003b2       0xff ./Sources/gpio.o
 .debug_abbrev  0x000004b1      0x1e2 ./Sources/i2c.o
 .debug_abbrev  0x00000693      0x1a4 ./Sources/main.o
 .debug_abbrev  0x00000837      0x15c ./Sources/mifare_classic.o
 .debug_abbrev  0x00000993      0x143 ./Sources/mifare_ultralight.o
 .debug_abbrev  0x00000ad6      0x15d ./Sources/ndef_message.o
 .debug_abbrev  0x00000c33      0x12f ./Sources/ndef_record.o
 .debug_abbrev  0x00000d62       0xe3 ./Sources/nfc_adapter.o
 .debug_abbrev  0x00000e45      0x163 ./Sources/nfc_tag.o
 .debug_abbrev  0x00000fa8      0x1c6 ./Sources/pn532.o
 .debug_abbrev  0x0000116e      0x1ce ./Sources/pn532_i2c.o
 .debug_abbrev  0x0000133c      0x128 ./SDK/platform/system/src/interrupt/fsl_interrupt_manager.o
 .debug_abbrev  0x00001464      0x29e ./SDK/platform/system/src/clock/MKL02Z4/fsl_clock_MKL02Z4.o
 .debug_abbrev  0x00001702      0x24d ./SDK/platform/system/src/clock/fsl_clock_manager.o
 .debug_abbrev  0x0000194f      0x21f ./SDK/platform/osa/src/fsl_os_abstraction_bm.o
 .debug_abbrev  0x00001b6e      0x22c ./SDK/platform/hal/src/mcg/fsl_mcg_hal.o
 .debug_abbrev  0x00001d9a      0x226 ./SDK/platform/hal/src/i2c/fsl_i2c_hal.o
 .debug_abbrev  0x00001fc0      0x11b ./SDK/platform/hal/src/gpio/fsl_gpio_hal.o
 .debug_abbrev  0x000020db       0xb8 ./SDK/platform/drivers/src/i2c/fsl_i2c_common.o
 .debug_abbrev  0x00002193      0x295 ./SDK/platform/drivers/src/i2c/fsl_i2c_master_driver.o
 .debug_abbrev  0x00002428      0x10b ./SDK/platform/drivers/src/i2c/fsl_i2c_shared_function.o
 .debug_abbrev  0x00002533      0x246 ./SDK/platform/drivers/src/i2c/fsl_i2c_slave_driver.o
 .debug_abbrev  0x00002779       0x14 ./SDK/platform/devices/MKL02Z4/startup/gcc/startup_MKL02Z4.o
 .debug_abbrev  0x0000278d      0x109 ./SDK/platform/devices/MKL02Z4/startup/system_MKL02Z4.o
 .debug_abbrev  0x00002896       0xe9 ./SDK/platform/devices/startup.o
 .debug_abbrev  0x0000297f       0xb5 ./Generated_Code/Cpu.o
 .debug_abbrev  0x00002a34      0x10c ./Generated_Code/hardware_init.o
 .debug_abbrev  0x00002b40      0x1d0 ./Generated_Code/osa1.o
 .debug_abbrev  0x00002d10      0x137 ./Generated_Code/pin_mux.o

.debug_aranges  0x00000000      0xe68
 .debug_aranges
                0x00000000       0x28 ./Static_Code/System/PE_low_level_init.o
 .debug_aranges
                0x00000028       0x38 ./Sources/Events.o
 .debug_aranges
                0x00000060       0x28 ./Sources/delay.o
 .debug_aranges
                0x00000088       0x70 ./Sources/emulate_tag.o
 .debug_aranges
                0x000000f8       0x28 ./Sources/gpio.o
 .debug_aranges
                0x00000120       0x38 ./Sources/i2c.o
 .debug_aranges
                0x00000158       0x48 ./Sources/main.o
 .debug_aranges
                0x000001a0       0x50 ./Sources/mifare_classic.o
 .debug_aranges
                0x000001f0       0x50 ./Sources/mifare_ultralight.o
 .debug_aranges
                0x00000240       0x70 ./Sources/ndef_message.o
 .debug_aranges
                0x000002b0       0xa0 ./Sources/ndef_record.o
 .debug_aranges
                0x00000350       0x58 ./Sources/nfc_adapter.o
 .debug_aranges
                0x000003a8       0x80 ./Sources/nfc_tag.o
 .debug_aranges
                0x00000428       0xd8 ./Sources/pn532.o
 .debug_aranges
                0x00000500       0x48 ./Sources/pn532_i2c.o
 .debug_aranges
                0x00000548       0x30 ./SDK/platform/system/src/interrupt/fsl_interrupt_manager.o
 .debug_aranges
                0x00000578      0x188 ./SDK/platform/system/src/clock/MKL02Z4/fsl_clock_MKL02Z4.o
 .debug_aranges
                0x00000700       0xb0 ./SDK/platform/system/src/clock/fsl_clock_manager.o
 .debug_aranges
                0x000007b0      0x148 ./SDK/platform/osa/src/fsl_os_abstraction_bm.o
 .debug_aranges
                0x000008f8       0xa8 ./SDK/platform/hal/src/mcg/fsl_mcg_hal.o
 .debug_aranges
                0x000009a0       0xc8 ./SDK/platform/hal/src/i2c/fsl_i2c_hal.o
 .debug_aranges
                0x00000a68       0x38 ./SDK/platform/hal/src/gpio/fsl_gpio_hal.o
 .debug_aranges
                0x00000aa0       0x18 ./SDK/platform/drivers/src/i2c/fsl_i2c_common.o
 .debug_aranges
                0x00000ab8      0x118 ./SDK/platform/drivers/src/i2c/fsl_i2c_master_driver.o
 .debug_aranges
                0x00000bd0       0x28 ./SDK/platform/drivers/src/i2c/fsl_i2c_shared_function.o
 .debug_aranges
                0x00000bf8      0x118 ./SDK/platform/drivers/src/i2c/fsl_i2c_slave_driver.o
 .debug_aranges
                0x00000d10       0x20 ./SDK/platform/devices/MKL02Z4/startup/gcc/startup_MKL02Z4.o
 .debug_aranges
                0x00000d30       0x28 ./SDK/platform/devices/MKL02Z4/startup/system_MKL02Z4.o
 .debug_aranges
                0x00000d58       0x20 ./SDK/platform/devices/startup.o
 .debug_aranges
                0x00000d78       0x20 ./Generated_Code/Cpu.o
 .debug_aranges
                0x00000d98       0x28 ./Generated_Code/hardware_init.o
 .debug_aranges
                0x00000dc0       0x48 ./Generated_Code/osa1.o
 .debug_aranges
                0x00000e08       0x60 ./Generated_Code/pin_mux.o

.debug_ranges   0x00000000      0xc40
 .debug_ranges  0x00000000       0x18 ./Static_Code/System/PE_low_level_init.o
 .debug_ranges  0x00000018       0x28 ./Sources/Events.o
 .debug_ranges  0x00000040       0x18 ./Sources/delay.o
 .debug_ranges  0x00000058       0x60 ./Sources/emulate_tag.o
 .debug_ranges  0x000000b8       0x18 ./Sources/gpio.o
 .debug_ranges  0x000000d0       0x28 ./Sources/i2c.o
 .debug_ranges  0x000000f8       0x38 ./Sources/main.o
 .debug_ranges  0x00000130       0x40 ./Sources/mifare_classic.o
 .debug_ranges  0x00000170       0x40 ./Sources/mifare_ultralight.o
 .debug_ranges  0x000001b0       0x60 ./Sources/ndef_message.o
 .debug_ranges  0x00000210       0x90 ./Sources/ndef_record.o
 .debug_ranges  0x000002a0       0x48 ./Sources/nfc_adapter.o
 .debug_ranges  0x000002e8       0x70 ./Sources/nfc_tag.o
 .debug_ranges  0x00000358       0xc8 ./Sources/pn532.o
 .debug_ranges  0x00000420       0x38 ./Sources/pn532_i2c.o
 .debug_ranges  0x00000458       0x20 ./SDK/platform/system/src/interrupt/fsl_interrupt_manager.o
 .debug_ranges  0x00000478      0x178 ./SDK/platform/system/src/clock/MKL02Z4/fsl_clock_MKL02Z4.o
 .debug_ranges  0x000005f0       0xa0 ./SDK/platform/system/src/clock/fsl_clock_manager.o
 .debug_ranges  0x00000690      0x138 ./SDK/platform/osa/src/fsl_os_abstraction_bm.o
 .debug_ranges  0x000007c8       0x98 ./SDK/platform/hal/src/mcg/fsl_mcg_hal.o
 .debug_ranges  0x00000860       0xb8 ./SDK/platform/hal/src/i2c/fsl_i2c_hal.o
 .debug_ranges  0x00000918       0x28 ./SDK/platform/hal/src/gpio/fsl_gpio_hal.o
 .debug_ranges  0x00000940      0x108 ./SDK/platform/drivers/src/i2c/fsl_i2c_master_driver.o
 .debug_ranges  0x00000a48       0x18 ./SDK/platform/drivers/src/i2c/fsl_i2c_shared_function.o
 .debug_ranges  0x00000a60      0x108 ./SDK/platform/drivers/src/i2c/fsl_i2c_slave_driver.o
 .debug_ranges  0x00000b68       0x18 ./SDK/platform/devices/MKL02Z4/startup/system_MKL02Z4.o
 .debug_ranges  0x00000b80       0x10 ./SDK/platform/devices/startup.o
 .debug_ranges  0x00000b90       0x10 ./Generated_Code/Cpu.o
 .debug_ranges  0x00000ba0       0x18 ./Generated_Code/hardware_init.o
 .debug_ranges  0x00000bb8       0x38 ./Generated_Code/osa1.o
 .debug_ranges  0x00000bf0       0x50 ./Generated_Code/pin_mux.o

.debug_macro    0x00000000     0xef3b
 .debug_macro   0x00000000      0x325 ./Static_Code/System/PE_low_level_init.o
 .debug_macro   0x00000325      0x80e ./Static_Code/System/PE_low_level_init.o
 .debug_macro   0x00000b33       0x11 ./Static_Code/System/PE_low_level_init.o
 .debug_macro   0x00000b44       0x16 ./Static_Code/System/PE_low_level_init.o
 .debug_macro   0x00000b5a       0x16 ./Static_Code/System/PE_low_level_init.o
 .debug_macro   0x00000b70       0x44 ./Static_Code/System/PE_low_level_init.o
 .debug_macro   0x00000bb4      0x209 ./Static_Code/System/PE_low_level_init.o
 .debug_macro   0x00000dbd       0x39 ./Static_Code/System/PE_low_level_init.o
 .debug_macro   0x00000df6       0x3a ./Static_Code/System/PE_low_level_init.o
 .debug_macro   0x00000e30       0x1f ./Static_Code/System/PE_low_level_init.o
 .debug_macro   0x00000e4f      0x250 ./Static_Code/System/PE_low_level_init.o
 .debug_macro   0x0000109f       0x96 ./Static_Code/System/PE_low_level_init.o
 .debug_macro   0x00001135     0x4b05 ./Static_Code/System/PE_low_level_init.o
 .debug_macro   0x00005c3a       0x58 ./Static_Code/System/PE_low_level_init.o
 .debug_macro   0x00005c92       0x35 ./Static_Code/System/PE_low_level_init.o
 .debug_macro   0x00005cc7       0xa3 ./Static_Code/System/PE_low_level_init.o
 .debug_macro   0x00005d6a       0x16 ./Static_Code/System/PE_low_level_init.o
 .debug_macro   0x00005d80      0x10e ./Static_Code/System/PE_low_level_init.o
 .debug_macro   0x00005e8e       0x7f ./Static_Code/System/PE_low_level_init.o
 .debug_macro   0x00005f0d       0x52 ./Static_Code/System/PE_low_level_init.o
 .debug_macro   0x00005f5f       0x16 ./Static_Code/System/PE_low_level_init.o
 .debug_macro   0x00005f75       0x43 ./Static_Code/System/PE_low_level_init.o
 .debug_macro   0x00005fb8      0x180 ./Static_Code/System/PE_low_level_init.o
 .debug_macro   0x00006138       0x22 ./Static_Code/System/PE_low_level_init.o
 .debug_macro   0x0000615a       0x7c ./Static_Code/System/PE_low_level_init.o
 .debug_macro   0x000061d6     0x3d57 ./Static_Code/System/PE_low_level_init.o
 .debug_macro   0x00009f2d      0xc29 ./Static_Code/System/PE_low_level_init.o
 .debug_macro   0x0000ab56       0x22 ./Static_Code/System/PE_low_level_init.o
 .debug_macro   0x0000ab78       0x16 ./Static_Code/System/PE_low_level_init.o
 .debug_macro   0x0000ab8e       0x10 ./Static_Code/System/PE_low_level_init.o
 .debug_macro   0x0000ab9e       0x11 ./Static_Code/System/PE_low_level_init.o
 .debug_macro   0x0000abaf       0x10 ./Static_Code/System/PE_low_level_init.o
 .debug_macro   0x0000abbf       0x12 ./Static_Code/System/PE_low_level_init.o
 .debug_macro   0x0000abd1       0x10 ./Static_Code/System/PE_low_level_init.o
 .debug_macro   0x0000abe1       0x3e ./Static_Code/System/PE_low_level_init.o
 .debug_macro   0x0000ac1f       0x12 ./Static_Code/System/PE_low_level_init.o
 .debug_macro   0x0000ac31       0x10 ./Static_Code/System/PE_low_level_init.o
 .debug_macro   0x0000ac41      0x2a6 ./Static_Code/System/PE_low_level_init.o
 .debug_macro   0x0000aee7       0x10 ./Static_Code/System/PE_low_level_init.o
 .debug_macro   0x0000aef7       0x35 ./Static_Code/System/PE_low_level_init.o
 .debug_macro   0x0000af2c       0x22 ./Static_Code/System/PE_low_level_init.o
 .debug_macro   0x0000af4e      0x30b ./Sources/Events.o
 .debug_macro   0x0000b259      0x111 ./Sources/delay.o
 .debug_macro   0x0000b36a      0x13f ./Sources/emulate_tag.o
 .debug_macro   0x0000b4a9       0x58 ./Sources/emulate_tag.o
 .debug_macro   0x0000b501      0x214 ./Sources/emulate_tag.o
 .debug_macro   0x0000b715       0x88 ./Sources/emulate_tag.o
 .debug_macro   0x0000b79d      0x178 ./Sources/gpio.o
 .debug_macro   0x0000b915       0x4a ./Sources/gpio.o
 .debug_macro   0x0000b95f       0x4b ./Sources/gpio.o
 .debug_macro   0x0000b9aa      0x226 ./Sources/i2c.o
 .debug_macro   0x0000bbd0      0x20f ./Sources/i2c.o
 .debug_macro   0x0000bddf       0x4c ./Sources/i2c.o
 .debug_macro   0x0000be2b       0x82 ./Sources/i2c.o
 .debug_macro   0x0000bead       0x3a ./Sources/i2c.o
 .debug_macro   0x0000bee7       0x22 ./Sources/i2c.o
 .debug_macro   0x0000bf09       0x34 ./Sources/i2c.o
 .debug_macro   0x0000bf3d       0x34 ./Sources/i2c.o
 .debug_macro   0x0000bf71      0x390 ./Sources/main.o
 .debug_macro   0x0000c301       0x8e ./Sources/main.o
 .debug_macro   0x0000c38f      0x151 ./Sources/mifare_classic.o
 .debug_macro   0x0000c4e0      0x166 ./Sources/mifare_classic.o
 .debug_macro   0x0000c646       0x1c ./Sources/mifare_classic.o
 .debug_macro   0x0000c662      0x132 ./Sources/mifare_ultralight.o
 .debug_macro   0x0000c794       0x2e ./Sources/mifare_ultralight.o
 .debug_macro   0x0000c7c2      0x118 ./Sources/ndef_message.o
 .debug_macro   0x0000c8da      0x108 ./Sources/ndef_record.o
 .debug_macro   0x0000c9e2      0x149 ./Sources/nfc_adapter.o
 .debug_macro   0x0000cb2b      0x122 ./Sources/nfc_tag.o
 .debug_macro   0x0000cc4d      0x10f ./Sources/pn532.o
 .debug_macro   0x0000cd5c      0x1e6 ./Sources/pn532_i2c.o
 .debug_macro   0x0000cf42      0x177 ./SDK/platform/system/src/interrupt/fsl_interrupt_manager.o
 .debug_macro   0x0000d0b9      0x1ec ./SDK/platform/system/src/clock/MKL02Z4/fsl_clock_MKL02Z4.o
 .debug_macro   0x0000d2a5      0x221 ./SDK/platform/system/src/clock/fsl_clock_manager.o
 .debug_macro   0x0000d4c6      0x218 ./SDK/platform/osa/src/fsl_os_abstraction_bm.o
 .debug_macro   0x0000d6de      0x179 ./SDK/platform/hal/src/mcg/fsl_mcg_hal.o
 .debug_macro   0x0000d857      0x17c ./SDK/platform/hal/src/i2c/fsl_i2c_hal.o
 .debug_macro   0x0000d9d3       0x34 ./SDK/platform/hal/src/i2c/fsl_i2c_hal.o
 .debug_macro   0x0000da07      0x16e ./SDK/platform/hal/src/gpio/fsl_gpio_hal.o
 .debug_macro   0x0000db75      0x15d ./SDK/platform/drivers/src/i2c/fsl_i2c_common.o
 .debug_macro   0x0000dcd2      0x267 ./SDK/platform/drivers/src/i2c/fsl_i2c_master_driver.o
 .debug_macro   0x0000df39      0x186 ./SDK/platform/drivers/src/i2c/fsl_i2c_shared_function.o
 .debug_macro   0x0000e0bf      0x267 ./SDK/platform/drivers/src/i2c/fsl_i2c_slave_driver.o